HAL.hpp:123:18:virtual void touchgfx::HAL::setDisplayOrientation(touchgfx::DisplayOrientation)	0	static
HAL.hpp:570:18:virtual bool touchgfx::HAL::sampleKey(uint8_t&)	0	static
HAL.hpp:760:30:virtual touchgfx::FlashDataReader* touchgfx::HAL::getFlashDataReader() const	0	static
HAL.hpp:909:18:virtual void touchgfx::HAL::taskDelay(uint16_t)	0	static
HAL.hpp:936:22:virtual uint16_t touchgfx::HAL::getTFTCurrentLine()	0	static
HAL.hpp:947:21:virtual touchgfx::DMAType touchgfx::HAL::getDMAType()	0	static
TouchGFXHAL.hpp:35:7:TouchGFXHAL::~TouchGFXHAL()	0	static
CortexMMCUInstrumentation.hpp:20:7:touchgfx::CortexMMCUInstrumentation::~CortexMMCUInstrumentation()	0	static
TouchGFXHAL.cpp:51:6:virtual void TouchGFXHAL::taskEntry()	8	static
HAL.hpp:538:18:virtual void touchgfx::HAL::backPorchExited()	8	static
TouchGFXHAL.cpp:96:11:virtual uint16_t* TouchGFXHAL::getTFTFrameBuffer() const	0	static
TouchGFXHAL.cpp:111:6:virtual void TouchGFXHAL::setTFTFrameBuffer(uint16_t*)	0	static
TouchGFXHAL.cpp:128:6:virtual void TouchGFXHAL::flushFrameBuffer(const touchgfx::Rect&)	24	static
TouchGFXHAL.cpp:150:6:virtual void TouchGFXHAL::configureInterrupts()	0	static
TouchGFXHAL.cpp:163:6:virtual void TouchGFXHAL::enableInterrupts()	0	static
TouchGFXHAL.cpp:176:6:virtual void TouchGFXHAL::disableInterrupts()	0	static
TouchGFXHAL.cpp:190:6:virtual void TouchGFXHAL::enableLCDControllerInterrupt()	0	static
HAL.hpp:617:18:virtual void touchgfx::HAL::setFrameBufferStartAddresses(void*, void*, void*)	8	static
TouchGFXHAL.hpp:110:18:virtual void TouchGFXHAL::flushFrameBuffer()	0	static
TouchGFXHAL.hpp:35:7:virtual TouchGFXHAL::~TouchGFXHAL()	8	static
HAL.hpp:281:28:virtual touchgfx::BlitOperations touchgfx::HAL::getBlitCaps()	0	static
HAL.hpp:1057:18:virtual void touchgfx::HAL::performDisplayOrientationChange()	12	static
TouchGFXHAL.cpp:32:6:void TouchGFXHAL::initialize()	16	static
TouchGFXHAL.cpp:202:19:long int IdleTaskHook(void*)	8	static
CortexMMCUInstrumentation.hpp:20:7:virtual touchgfx::CortexMMCUInstrumentation::~CortexMMCUInstrumentation()	8	static
TouchGFXHAL.cpp:214:1:cpp)	0	static
