Drawable.hpp:134:23:virtual touchgfx::Drawable* touchgfx::Drawable::getFirstChild()	0	static
Drawable.hpp:271:18:virtual void touchgfx::Drawable::setX(int16_t)	0	static
Drawable.hpp:283:18:virtual void touchgfx::Drawable::setY(int16_t)	0	static
Drawable.hpp:312:18:virtual void touchgfx::Drawable::setWidth(int16_t)	0	static
Drawable.hpp:324:18:virtual void touchgfx::Drawable::setHeight(int16_t)	0	static
Drawable.hpp:334:18:virtual void touchgfx::Drawable::childGeometryChanged()	0	static
Drawable.hpp:345:18:virtual void touchgfx::Drawable::handleClickEvent(const touchgfx::ClickEvent&)	0	static
Drawable.hpp:356:18:virtual void touchgfx::Drawable::handleGestureEvent(const touchgfx::GestureEvent&)	0	static
Drawable.hpp:444:18:virtual void touchgfx::Drawable::handleDragEvent(const touchgfx::DragEvent&)	0	static
Drawable.hpp:454:18:virtual void touchgfx::Drawable::handleTickEvent()	0	static
Drawable.hpp:541:18:virtual void touchgfx::Drawable::moveTo(int16_t, int16_t)	4	static
Drawable.hpp:656:18:virtual void touchgfx::Drawable::setupDrawChain(const touchgfx::Rect&, touchgfx::Drawable**)	0	static
Screen.hpp:96:18:virtual void touchgfx::Screen::setupScreen()	0	static
Screen.hpp:107:18:virtual void touchgfx::Screen::afterTransition()	0	static
Screen.hpp:118:18:virtual void touchgfx::Screen::tearDownScreen()	0	static
Screen.hpp:147:18:virtual void touchgfx::Screen::handleTickEvent()	0	static
Screen.hpp:157:18:virtual void touchgfx::Screen::handleKeyEvent(uint8_t)	0	static
Widget.hpp:50:18:virtual void touchgfx::Widget::getLastChild(int16_t, int16_t, touchgfx::Drawable**)	0	static
AbstractPainter.hpp:97:18:virtual void touchgfx::AbstractPainter::setAlpha(uint8_t)	0	static
AbstractPainter.hpp:103:21:virtual uint8_t touchgfx::AbstractPainter::getAlpha() const	0	static
TypedText.hpp:68:13:touchgfx::TypedText::~TypedText()	0	static
View.hpp:40:7:touchgfx::View<StartupScreenPresenter>::~View()	0	static
StartupScreenViewBase.hpp:20:13:StartupScreenViewBase::~StartupScreenViewBase()	0	static
StartupScreenViewBase.cpp:44:6:virtual void StartupScreenViewBase::setupScreen()	0	static
TypedText.hpp:68:13:virtual touchgfx::TypedText::~TypedText()	8	static
View.hpp:40:7:virtual touchgfx::View<StartupScreenPresenter>::~View()	8	static
StartupScreenViewBase.hpp:20:13:virtual StartupScreenViewBase::~StartupScreenViewBase()	8	static
Drawable.hpp:53:5:touchgfx::Drawable::Drawable()	0	static
Drawable.hpp:299:10:void touchgfx::Drawable::setXY(int16_t, int16_t)	16	static
HAL.hpp:226:17:static touchgfx::LCD& touchgfx::HAL::lcd()	0	static
AbstractPainterRGB565.hpp:44:5:touchgfx::AbstractPainterRGB565::AbstractPainterRGB565()	16	static
Color.hpp:51:22:static touchgfx::colortype touchgfx::Color::getColorFrom24BitRGB(uint8_t, uint8_t, uint8_t)	24	static
StartupScreenViewBase.cpp:9:1:StartupScreenViewBase::StartupScreenViewBase()	64	static
