stm32f7xx_hal_msp.c:66:6:HAL_MspInit	8	static
stm32f7xx_hal_msp.c:90:6:HAL_ADC_MspInit	40	static
stm32f7xx_hal_msp.c:123:6:HAL_ADC_MspDeInit	0	static
stm32f7xx_hal_msp.c:151:6:HAL_CRC_MspInit	8	static
stm32f7xx_hal_msp.c:173:6:HAL_CRC_MspDeInit	0	static
stm32f7xx_hal_msp.c:195:6:HAL_DMA2D_MspInit	16	static
stm32f7xx_hal_msp.c:220:6:HAL_DMA2D_MspDeInit	0	static
stm32f7xx_hal_msp.c:245:6:HAL_LTDC_MspInit	64	static
stm32f7xx_hal_msp.c:346:6:HAL_LTDC_MspDeInit	8	static
stm32f7xx_hal_msp.c:415:6:HAL_TIM_PWM_MspInit	8	static
stm32f7xx_hal_msp.c:431:6:HAL_TIM_MspPostInit	32	static
stm32f7xx_hal_msp.c:463:6:HAL_TIM_PWM_MspDeInit	0	static
stm32f7xx_hal_msp.c:485:6:HAL_UART_MspInit	48	static
stm32f7xx_hal_msp.c:529:6:HAL_UART_MspDeInit	8	static
stm32f7xx_hal_msp.c:662:6:HAL_SDRAM_MspInit	48	static
stm32f7xx_hal_msp.c:748:6:HAL_SDRAM_MspDeInit	8	static
