Archive member included to satisfy reference by file (symbol)

Middlewares/ST/touchgfx/lib/core/cortex_m7/gcc\libtouchgfx.a(AbstractPartition.o)
                              TouchGFX/build/STM32F7508-DK/TouchGFX/target/generated/TouchGFXConfiguration.o (touchgfx::AbstractPartition::getAllocationCount() const)
Middlewares/ST/touchgfx/lib/core/cortex_m7/gcc\libtouchgfx.a(CircleProgress.o)
                              TouchGFX/build/STM32F7508-DK/TouchGFX/generated/gui_generated/src/startupscreen_screen/StartupScreenViewBase.o (touchgfx::CircleProgress::setCenter(int, int))
Middlewares/ST/touchgfx/lib/core/cortex_m7/gcc\libtouchgfx.a(AbstractProgressIndicator.o)
                              Middlewares/ST/touchgfx/lib/core/cortex_m7/gcc\libtouchgfx.a(CircleProgress.o) (touchgfx::AbstractProgressIndicator::getProgressIndicatorX() const)
Middlewares/ST/touchgfx/lib/core/cortex_m7/gcc\libtouchgfx.a(Container.o)
                              Middlewares/ST/touchgfx/lib/core/cortex_m7/gcc\libtouchgfx.a(CircleProgress.o) (touchgfx::Container::contains(touchgfx::Drawable const&))
Middlewares/ST/touchgfx/lib/core/cortex_m7/gcc\libtouchgfx.a(HAL.o)
                              TouchGFX/build/STM32F7508-DK/TouchGFX/target/generated/TouchGFXGeneratedHAL.o (touchgfx::HAL::drawDrawableInDynamicBitmap(touchgfx::Drawable&, unsigned short))
Middlewares/ST/touchgfx/lib/core/cortex_m7/gcc\libtouchgfx.a(DMA.o)
                              TouchGFX/build/STM32F7508-DK/TouchGFX/target/generated/STM32DMA.o (touchgfx::DMA_Interface::seedExecution())
Middlewares/ST/touchgfx/lib/core/cortex_m7/gcc\libtouchgfx.a(PainterRGB565Bitmap.o)
                              TouchGFX/build/STM32F7508-DK/TouchGFX/generated/gui_generated/src/startupscreen_screen/StartupScreenViewBase.o (touchgfx::PainterRGB565Bitmap::setBitmap(touchgfx::Bitmap const&))
Middlewares/ST/touchgfx/lib/core/cortex_m7/gcc\libtouchgfx.a(AbstractPainterRGB565.o)
                              Middlewares/ST/touchgfx/lib/core/cortex_m7/gcc\libtouchgfx.a(PainterRGB565Bitmap.o) (touchgfx::AbstractPainterRGB565::renderPixel(unsigned short*, unsigned char, unsigned char, unsigned char))
Middlewares/ST/touchgfx/lib/core/cortex_m7/gcc\libtouchgfx.a(Circle.o)
                              Middlewares/ST/touchgfx/lib/core/cortex_m7/gcc\libtouchgfx.a(CircleProgress.o) (touchgfx::Circle::Circle())
Middlewares/ST/touchgfx/lib/core/cortex_m7/gcc\libtouchgfx.a(CanvasWidget.o)
                              Middlewares/ST/touchgfx/lib/core/cortex_m7/gcc\libtouchgfx.a(CircleProgress.o) (touchgfx::CanvasWidget::setPainter(touchgfx::AbstractPainter&))
Middlewares/ST/touchgfx/lib/core/cortex_m7/gcc\libtouchgfx.a(TextArea.o)
                              TouchGFX/build/STM32F7508-DK/TouchGFX/generated/gui_generated/src/startupscreen_screen/StartupScreenViewBase.o (touchgfx::TextArea::setTypedText(touchgfx::TypedText))
Middlewares/ST/touchgfx/lib/core/cortex_m7/gcc\libtouchgfx.a(Box.o)
                              TouchGFX/build/STM32F7508-DK/TouchGFX/generated/gui_generated/src/startupscreen_screen/StartupScreenViewBase.o (vtable for touchgfx::Box)
Middlewares/ST/touchgfx/lib/core/cortex_m7/gcc\libtouchgfx.a(Image.o)
                              TouchGFX/build/STM32F7508-DK/TouchGFX/generated/gui_generated/src/startupscreen_screen/StartupScreenViewBase.o (touchgfx::Image::setBitmap(touchgfx::Bitmap const&))
Middlewares/ST/touchgfx/lib/core/cortex_m7/gcc\libtouchgfx.a(CanvasWidgetRenderer.o)
                              TouchGFX/build/STM32F7508-DK/TouchGFX/generated/gui_generated/src/startupscreen_screen/StartupScreenViewBase.o (touchgfx::CanvasWidgetRenderer::setupBuffer(unsigned char*, unsigned int))
Middlewares/ST/touchgfx/lib/core/cortex_m7/gcc\libtouchgfx.a(LCD.o)
                              Middlewares/ST/touchgfx/lib/core/cortex_m7/gcc\libtouchgfx.a(TextArea.o) (touchgfx::LCD::getNumLines(touchgfx::TextProvider&, touchgfx::WideTextAction, unsigned char, touchgfx::Font const*, short))
Middlewares/ST/touchgfx/lib/core/cortex_m7/gcc\libtouchgfx.a(TouchCalibration.o)
                              Middlewares/ST/touchgfx/lib/core/cortex_m7/gcc\libtouchgfx.a(HAL.o) (touchgfx::TouchCalibration::translatePoint(touchgfx::Point&))
Middlewares/ST/touchgfx/lib/core/cortex_m7/gcc\libtouchgfx.a(DisplayTransformation.o)
                              Middlewares/ST/touchgfx/lib/core/cortex_m7/gcc\libtouchgfx.a(HAL.o) (touchgfx::DisplayTransformation::transformFrameBufferToDisplay(short&, short&))
Middlewares/ST/touchgfx/lib/core/cortex_m7/gcc\libtouchgfx.a(Application.o)
                              TouchGFX/build/STM32F7508-DK/TouchGFX/gui/src/common/FrontendApplication.o (touchgfx::Application::requestRedraw())
Middlewares/ST/touchgfx/lib/core/cortex_m7/gcc\libtouchgfx.a(TypedText.o)
                              TouchGFX/build/STM32F7508-DK/TouchGFX/generated/fonts/src/FontCache.o (touchgfx::TypedText::numberOfTypedTexts)
Middlewares/ST/touchgfx/lib/core/cortex_m7/gcc\libtouchgfx.a(Font.o)
[...]
Memory Configuration

Name             Origin             Length             Attributes
ITCMRAM          0x00000000         0x00004000         xrw
RAM              0x20000000         0x00050000         xrw
SDRAM            0xc0000000         0x00800000         xrw
BOOTLOADER       0x08000000         0x00010000         xr
FLASH            0x90000000         0x00100000         xr
QSPI             0x90100000         0x00f00000         xrw
*default*        0x00000000         0xffffffff

Linker script and memory map

LOAD c:/touchgfx/4.16.0/env/mingw/msys/1.0/gnu-arm-gcc/bin/../lib/gcc/arm-none-eabi/7.3.1/thumb/v7e-m/fpv4-sp/softfp/crti.o
LOAD c:/touchgfx/4.16.0/env/mingw/msys/1.0/gnu-arm-gcc/bin/../lib/gcc/arm-none-eabi/7.3.1/thumb/v7e-m/fpv4-sp/softfp/crtbegin.o
LOAD c:/touchgfx/4.16.0/env/mingw/msys/1.0/gnu-arm-gcc/bin/../lib/gcc/arm-none-eabi/7.3.1/../../../../arm-none-eabi/lib/thumb/v7e-m/fpv4-sp/softfp/crt0.o
LOAD TouchGFX/build/STM32F7508-DK/TouchGFX/gui/src/startupscreen_screen/StartupScreenView.o
LOAD TouchGFX/build/STM32F7508-DK/TouchGFX/gui/src/startupscreen_screen/StartupScreenPresenter.o
LOAD TouchGFX/build/STM32F7508-DK/TouchGFX/gui/src/model/Model.o
LOAD TouchGFX/build/STM32F7508-DK/TouchGFX/gui/src/common/FrontendApplication.o
LOAD TouchGFX/build/STM32F7508-DK/TouchGFX/generated/gui_generated/src/startupscreen_screen/StartupScreenViewBase.o
LOAD TouchGFX/build/STM32F7508-DK/TouchGFX/generated/gui_generated/src/common/FrontendApplicationBase.o
LOAD TouchGFX/build/STM32F7508-DK/TouchGFX/generated/fonts/src/Font_verdana_40_4bpp_0.o
LOAD TouchGFX/build/STM32F7508-DK/TouchGFX/generated/fonts/src/Font_verdana_20_4bpp_0.o
LOAD TouchGFX/build/STM32F7508-DK/TouchGFX/generated/fonts/src/GeneratedFont.o
LOAD TouchGFX/build/STM32F7508-DK/TouchGFX/generated/fonts/src/UnmappedDataFont.o
LOAD TouchGFX/build/STM32F7508-DK/TouchGFX/generated/fonts/src/Kerning_verdana_40_4bpp.o
LOAD TouchGFX/build/STM32F7508-DK/TouchGFX/generated/fonts/src/Table_verdana_10_4bpp.o
LOAD TouchGFX/build/STM32F7508-DK/TouchGFX/generated/fonts/src/Kerning_verdana_10_4bpp.o
LOAD TouchGFX/build/STM32F7508-DK/TouchGFX/generated/fonts/src/Kerning_verdana_20_4bpp.o
LOAD TouchGFX/build/STM32F7508-DK/TouchGFX/generated/fonts/src/FontCache.o
LOAD TouchGFX/build/STM32F7508-DK/TouchGFX/generated/fonts/src/Font_verdana_10_4bpp_0.o
LOAD TouchGFX/build/STM32F7508-DK/TouchGFX/generated/fonts/src/Table_verdana_40_4bpp.o
LOAD TouchGFX/build/STM32F7508-DK/TouchGFX/generated/fonts/src/CachedFont.o
LOAD TouchGFX/build/STM32F7508-DK/TouchGFX/generated/fonts/src/Table_verdana_20_4bpp.o
LOAD TouchGFX/build/STM32F7508-DK/TouchGFX/generated/fonts/src/ApplicationFontProvider.o
LOAD TouchGFX/build/STM32F7508-DK/TouchGFX/generated/images/src/__designer/image_Blue_ProgressIndicators_bg_large_circle_indicator_bg_line_half.o
LOAD TouchGFX/build/STM32F7508-DK/TouchGFX/generated/images/src/__designer/image_Blue_ProgressIndicators_fill_large_circle_indicator_fill_line_half.o
LOAD TouchGFX/build/STM32F7508-DK/TouchGFX/generated/images/src/image_ani_08.o
LOAD TouchGFX/build/STM32F7508-DK/TouchGFX/generated/images/src/image_ani_03.o
LOAD TouchGFX/build/STM32F7508-DK/TouchGFX/generated/images/src/image_top_bar.o
LOAD TouchGFX/build/STM32F7508-DK/TouchGFX/generated/images/src/image_ani_05.o
LOAD TouchGFX/build/STM32F7508-DK/TouchGFX/generated/images/src/image_ani_06.o
LOAD TouchGFX/build/STM32F7508-DK/TouchGFX/generated/images/src/image_ani_10.o
LOAD TouchGFX/build/STM32F7508-DK/TouchGFX/generated/images/src/image_ani_07.o
LOAD TouchGFX/build/STM32F7508-DK/TouchGFX/generated/images/src/BitmapDatabase.o
LOAD TouchGFX/build/STM32F7508-DK/TouchGFX/generated/images/src/image_background.o
LOAD TouchGFX/build/STM32F7508-DK/TouchGFX/generated/images/src/image_button_round_pressed.o
LOAD TouchGFX/build/STM32F7508-DK/TouchGFX/generated/images/src/image_button_large_released.o
LOAD TouchGFX/build/STM32F7508-DK/TouchGFX/generated/images/src/image_led_on.o
LOAD TouchGFX/build/STM32F7508-DK/TouchGFX/generated/images/src/image_button_large_pressed.o
LOAD TouchGFX/build/STM32F7508-DK/TouchGFX/generated/images/src/image_hor_therm_bg.o
LOAD TouchGFX/build/STM32F7508-DK/TouchGFX/generated/images/src/image_ani_02.o
LOAD TouchGFX/build/STM32F7508-DK/TouchGFX/generated/images/src/image_ani_11.o
LOAD TouchGFX/build/STM32F7508-DK/TouchGFX/generated/images/src/image_ani_04.o
LOAD TouchGFX/build/STM32F7508-DK/TouchGFX/generated/images/src/image_button_round_released.o
LOAD TouchGFX/build/STM32F7508-DK/TouchGFX/generated/images/src/image_hor_therm_progress.o
LOAD TouchGFX/build/STM32F7508-DK/TouchGFX/generated/images/src/image_ani_01.o
LOAD TouchGFX/build/STM32F7508-DK/TouchGFX/generated/images/src/image_ani_09.o
LOAD TouchGFX/build/STM32F7508-DK/TouchGFX/generated/images/src/image_led_off.o
LOAD TouchGFX/build/STM32F7508-DK/TouchGFX/generated/images/src/image_hor_therm_bg_scale.o
LOAD TouchGFX/build/STM32F7508-DK/TouchGFX/generated/texts/src/LanguageGb.o
LOAD TouchGFX/build/STM32F7508-DK/TouchGFX/generated/texts/src/TypedTextDatabase.o
LOAD TouchGFX/build/STM32F7508-DK/TouchGFX/generated/texts/src/Texts.o
LOAD TouchGFX/build/STM32F7508-DK/TouchGFX/target/generated/TouchGFXGeneratedHAL.o
LOAD TouchGFX/build/STM32F7508-DK/TouchGFX/target/generated/STM32DMA.o
LOAD TouchGFX/build/STM32F7508-DK/TouchGFX/target/generated/OSWrappers.o
LOAD TouchGFX/build/STM32F7508-DK/TouchGFX/target/generated/TouchGFXConfiguration.o
LOAD TouchGFX/build/STM32F7508-DK/TouchGFX/target/TouchGFXHAL.o
LOAD TouchGFX/build/STM32F7508-DK/TouchGFX/target/TouchGFXGPIO.o
LOAD TouchGFX/build/STM32F7508-DK/TouchGFX/target/STM32TouchController.o
LOAD TouchGFX/build/STM32F7508-DK/TouchGFX/target/CortexMMCUInstrumentation.o
LOAD TouchGFX/build/STM32F7508-DK/Core/Src/system_stm32f7xx.o
LOAD TouchGFX/build/STM32F7508-DK/Core/Src/main.o
LOAD TouchGFX/build/STM32F7508-DK/Core/Src/stm32f7xx_hal_timebase_tim.o
LOAD TouchGFX/build/STM32F7508-DK/Core/Src/stm32f7xx_hal_msp.o
LOAD TouchGFX/build/STM32F7508-DK/Core/Src/freertos.o
LOAD TouchGFX/build/STM32F7508-DK/Core/Src/stm32f7xx_it.o
LOAD TouchGFX/build/STM32F7508-DK/Drivers/STM32F7xx_HAL_Driver/Src/stm32f7xx_hal_ltdc_ex.o
LOAD TouchGFX/build/STM32F7508-DK/Drivers/STM32F7xx_HAL_Driver/Src/stm32f7xx_hal.o
LOAD TouchGFX/build/STM32F7508-DK/Drivers/STM32F7xx_HAL_Driver/Src/stm32f7xx_hal_dma2d.o
LOAD TouchGFX/build/STM32F7508-DK/Drivers/STM32F7xx_HAL_Driver/Src/stm32f7xx_hal_rcc_ex.o
LOAD TouchGFX/build/STM32F7508-DK/Drivers/STM32F7xx_HAL_Driver/Src/stm32f7xx_hal_dsi.o
LOAD TouchGFX/build/STM32F7508-DK/Drivers/STM32F7xx_HAL_Driver/Src/stm32f7xx_hal_crc.o
LOAD TouchGFX/build/STM32F7508-DK/Drivers/STM32F7xx_HAL_Driver/Src/stm32f7xx_hal_ltdc.o
LOAD TouchGFX/build/STM32F7508-DK/Drivers/STM32F7xx_HAL_Driver/Src/stm32f7xx_hal_pwr_ex.o
LOAD TouchGFX/build/STM32F7508-DK/Drivers/STM32F7xx_HAL_Driver/Src/stm32f7xx_hal_sdram.o
LOAD TouchGFX/build/STM32F7508-DK/Drivers/STM32F7xx_HAL_Driver/Src/stm32f7xx_hal_flash.o
LOAD TouchGFX/build/STM32F7508-DK/Drivers/STM32F7xx_HAL_Driver/Src/stm32f7xx_hal_rcc.o
LOAD TouchGFX/build/STM32F7508-DK/Drivers/STM32F7xx_HAL_Driver/Src/stm32f7xx_hal_dma_ex.o
LOAD TouchGFX/build/STM32F7508-DK/Drivers/STM32F7xx_HAL_Driver/Src/stm32f7xx_hal_i2c.o
LOAD TouchGFX/build/STM32F7508-DK/Drivers/STM32F7xx_HAL_Driver/Src/stm32f7xx_hal_uart.o
LOAD TouchGFX/build/STM32F7508-DK/Drivers/STM32F7xx_HAL_Driver/Src/stm32f7xx_hal_pwr.o
LOAD TouchGFX/build/STM32F7508-DK/Drivers/STM32F7xx_HAL_Driver/Src/stm32f7xx_hal_dma.o
LOAD TouchGFX/build/STM32F7508-DK/Drivers/STM32F7xx_HAL_Driver/Src/stm32f7xx_hal_adc_ex.o
LOAD TouchGFX/build/STM32F7508-DK/Drivers/STM32F7xx_HAL_Driver/Src/stm32f7xx_hal_tim_ex.o
LOAD TouchGFX/build/STM32F7508-DK/Drivers/STM32F7xx_HAL_Driver/Src/stm32f7xx_hal_cortex.o
LOAD TouchGFX/build/STM32F7508-DK/Drivers/STM32F7xx_HAL_Driver/Src/stm32f7xx_ll_fmc.o
LOAD TouchGFX/build/STM32F7508-DK/Drivers/STM32F7xx_HAL_Driver/Src/stm32f7xx_hal_uart_ex.o
LOAD TouchGFX/build/STM32F7508-DK/Drivers/STM32F7xx_HAL_Driver/Src/stm32f7xx_hal_flash_ex.o
LOAD TouchGFX/build/STM32F7508-DK/Drivers/STM32F7xx_HAL_Driver/Src/stm32f7xx_hal_exti.o
LOAD TouchGFX/build/STM32F7508-DK/Drivers/STM32F7xx_HAL_Driver/Src/stm32f7xx_hal_gpio.o
LOAD TouchGFX/build/STM32F7508-DK/Drivers/STM32F7xx_HAL_Driver/Src/stm32f7xx_hal_adc.o
LOAD TouchGFX/build/STM32F7508-DK/Drivers/STM32F7xx_HAL_Driver/Src/stm32f7xx_hal_tim.o
LOAD TouchGFX/build/STM32F7508-DK/Drivers/STM32F7xx_HAL_Driver/Src/stm32f7xx_hal_i2c_ex.o
LOAD TouchGFX/build/STM32F7508-DK/Drivers/STM32F7xx_HAL_Driver/Src/stm32f7xx_hal_crc_ex.o
LOAD TouchGFX/build/STM32F7508-DK/TouchGFX/App/app_touchgfx.o
LOAD TouchGFX/build/STM32F7508-DK/Middlewares/Third_Party/FreeRTOS/Source/croutine.o
LOAD TouchGFX/build/STM32F7508-DK/Middlewares/Third_Party/FreeRTOS/Source/list.o
LOAD TouchGFX/build/STM32F7508-DK/Middlewares/Third_Party/FreeRTOS/Source/queue.o
LOAD TouchGFX/build/STM32F7508-DK/Middlewares/Third_Party/FreeRTOS/Source/tasks.o
LOAD TouchGFX/build/STM32F7508-DK/Middlewares/Third_Party/FreeRTOS/Source/timers.o
LOAD TouchGFX/build/STM32F7508-DK/Middlewares/Third_Party/FreeRTOS/Source/CMSIS_RTOS_V2/cmsis_os2.o
LOAD TouchGFX/build/STM32F7508-DK/gcc/Middlewares/Third_Party/FreeRTOS/Source/portable/MemMang/heap_4.o
LOAD TouchGFX/build/STM32F7508-DK/gcc/Middlewares/Third_Party/FreeRTOS/Source/portable/GCC/ARM_CM7/r0p1/port.o
LOAD TouchGFX/build/STM32F7508-DK/Drivers/BSP/STM32F7508-Discovery/stm32f7508_discovery.o
LOAD TouchGFX/build/STM32F7508-DK/Drivers/BSP/STM32F7508-Discovery/stm32f7508_discovery_sdram.o
LOAD TouchGFX/build/STM32F7508-DK/Drivers/BSP/STM32F7508-Discovery/stm32f7508_discovery_ts.o
LOAD TouchGFX/build/STM32F7508-DK/Drivers/BSP/Components/ft5336/ft5336.o
LOAD TouchGFX/build/STM32F7508-DK/gcc/startup_stm32f750xx.o
LOAD TouchGFX/build/STM32F7508-DK/ExtMem_Boot/Binary/Bootloader.o
START GROUP
LOAD Middlewares/ST/touchgfx/lib/core/cortex_m7/gcc\libtouchgfx.a
END GROUP
LOAD c:/touchgfx/4.16.0/env/mingw/msys/1.0/gnu-arm-gcc/bin/../lib/gcc/arm-none-eabi/7.3.1/../../../../arm-none-eabi/lib/thumb/v7e-m/fpv4-sp/softfp\libstdc++_nano.a
LOAD c:/touchgfx/4.16.0/env/mingw/msys/1.0/gnu-arm-gcc/bin/../lib/gcc/arm-none-eabi/7.3.1/../../../../arm-none-eabi/lib/thumb/v7e-m/fpv4-sp/softfp\libm.a
START GROUP
LOAD c:/touchgfx/4.16.0/env/mingw/msys/1.0/gnu-arm-gcc/bin/../lib/gcc/arm-none-eabi/7.3.1/thumb/v7e-m/fpv4-sp/softfp\libgcc.a
LOAD c:/touchgfx/4.16.0/env/mingw/msys/1.0/gnu-arm-gcc/bin/../lib/gcc/arm-none-eabi/7.3.1/../../../../arm-none-eabi/lib/thumb/v7e-m/fpv4-sp/softfp\libg_nano.a
LOAD c:/touchgfx/4.16.0/env/mingw/msys/1.0/gnu-arm-gcc/bin/../lib/gcc/arm-none-eabi/7.3.1/../../../../arm-none-eabi/lib/thumb/v7e-m/fpv4-sp/softfp\libc_nano.a
END GROUP
START GROUP
LOAD c:/touchgfx/4.16.0/env/mingw/msys/1.0/gnu-arm-gcc/bin/../lib/gcc/arm-none-eabi/7.3.1/thumb/v7e-m/fpv4-sp/softfp\libgcc.a
LOAD c:/touchgfx/4.16.0/env/mingw/msys/1.0/gnu-arm-gcc/bin/../lib/gcc/arm-none-eabi/7.3.1/../../../../arm-none-eabi/lib/thumb/v7e-m/fpv4-sp/softfp\libc_nano.a
LOAD c:/touchgfx/4.16.0/env/mingw/msys/1.0/gnu-arm-gcc/bin/../lib/gcc/arm-none-eabi/7.3.1/../../../../arm-none-eabi/lib/thumb/v7e-m/fpv4-sp/softfp\libnosys.a
END GROUP
START GROUP
LOAD c:/touchgfx/4.16.0/env/mingw/msys/1.0/gnu-arm-gcc/bin/../lib/gcc/arm-none-eabi/7.3.1/thumb/v7e-m/fpv4-sp/softfp\libgcc.a
LOAD c:/touchgfx/4.16.0/env/mingw/msys/1.0/gnu-arm-gcc/bin/../lib/gcc/arm-none-eabi/7.3.1/../../../../arm-none-eabi/lib/thumb/v7e-m/fpv4-sp/softfp\libc_nano.a
LOAD c:/touchgfx/4.16.0/env/mingw/msys/1.0/gnu-arm-gcc/bin/../lib/gcc/arm-none-eabi/7.3.1/../../../../arm-none-eabi/lib/thumb/v7e-m/fpv4-sp/softfp\libnosys.a
END GROUP
LOAD c:/touchgfx/4.16.0/env/mingw/msys/1.0/gnu-arm-gcc/bin/../lib/gcc/arm-none-eabi/7.3.1/thumb/v7e-m/fpv4-sp/softfp/crtend.o
LOAD c:/touchgfx/4.16.0/env/mingw/msys/1.0/gnu-arm-gcc/bin/../lib/gcc/arm-none-eabi/7.3.1/thumb/v7e-m/fpv4-sp/softfp/crtn.o
                0x20050000                _estack = (ORIGIN (RAM) + LENGTH (RAM))
                0x00001000                _Min_Heap_Size = 0x1000
                0x00001000                _Min_Stack_Size = 0x1000

.isr_vector     0x90000000      0x1c8
                0x90000000                . = ALIGN (0x4)
 *(.isr_vector)
 .isr_vector    0x90000000      0x1c8 TouchGFX/build/STM32F7508-DK/gcc/startup_stm32f750xx.o
                0x90000000                g_pfnVectors
                0x900001c8                . = ALIGN (0x4)

.text           0x900001d0    0x1dfe0
                0x900001d0                . = ALIGN (0x4)
 *(.text)
 .text          0x900001d0       0x40 c:/touchgfx/4.16.0/env/mingw/msys/1.0/gnu-arm-gcc/bin/../lib/gcc/arm-none-eabi/7.3.1/thumb/v7e-m/fpv4-sp/softfp/crtbegin.o
 .text          0x90000210       0x30 c:/touchgfx/4.16.0/env/mingw/msys/1.0/gnu-arm-gcc/bin/../lib/gcc/arm-none-eabi/7.3.1/thumb/v7e-m/fpv4-sp/softfp\libgcc.a(_aeabi_uldivmod.o)
                0x90000210                __aeabi_uldivmod
 .text          0x90000240      0x2cc c:/touchgfx/4.16.0/env/mingw/msys/1.0/gnu-arm-gcc/bin/../lib/gcc/arm-none-eabi/7.3.1/thumb/v7e-m/fpv4-sp/softfp\libgcc.a(_udivmoddi4.o)
                0x90000240                __udivmoddi4
 .text          0x9000050c        0x4 c:/touchgfx/4.16.0/env/mingw/msys/1.0/gnu-arm-gcc/bin/../lib/gcc/arm-none-eabi/7.3.1/thumb/v7e-m/fpv4-sp/softfp\libgcc.a(_dvmd_tls.o)
                0x9000050c                __aeabi_idiv0
                0x9000050c                __aeabi_ldiv0
 .text          0x90000510       0xa0 c:/touchgfx/4.16.0/env/mingw/msys/1.0/gnu-arm-gcc/bin/../lib/gcc/arm-none-eabi/7.3.1/../../../../arm-none-eabi/lib/thumb/v7e-m/fpv4-sp/softfp\libg_nano.a(lib_a-memchr.o)
                0x90000510                memchr
 *(.text*)
 .text._ZN8touchgfx6Screen15afterTransitionEv
                0x900005b0        0x2 TouchGFX/build/STM32F7508-DK/TouchGFX/gui/src/startupscreen_screen/StartupScreenView.o
                0x900005b0                touchgfx::Screen::afterTransition()
 .text._ZN8touchgfx6Screen15handleTickEventEv
                0x900005b2        0x2 TouchGFX/build/STM32F7508-DK/TouchGFX/gui/src/startupscreen_screen/StartupScreenView.o
                0x900005b2                touchgfx::Screen::handleTickEvent()
 .text._ZN8touchgfx6Screen14handleKeyEventEh
                0x900005b4        0x2 TouchGFX/build/STM32F7508-DK/TouchGFX/gui/src/startupscreen_screen/StartupScreenView.o
                0x900005b4                touchgfx::Screen::handleKeyEvent(unsigned char)
 .text._ZN17StartupScreenViewD2Ev
                0x900005b6        0x2 TouchGFX/build/STM32F7508-DK/TouchGFX/gui/src/startupscreen_screen/StartupScreenView.o
                0x900005b6                StartupScreenView::~StartupScreenView()
                0x900005b6                StartupScreenView::~StartupScreenView()
 .text._ZN17StartupScreenView14tearDownScreenEv
                0x900005b8        0x2 TouchGFX/build/STM32F7508-DK/TouchGFX/gui/src/startupscreen_screen/StartupScreenView.o
                0x900005b8                StartupScreenView::tearDownScreen()
 .text._ZN17StartupScreenView11setupScreenEv
                0x900005ba        0x4 TouchGFX/build/STM32F7508-DK/TouchGFX/gui/src/startupscreen_screen/StartupScreenView.o
                0x900005ba                StartupScreenView::setupScreen()
 .text._ZN17StartupScreenViewD0Ev
                0x900005be       0x10 TouchGFX/build/STM32F7508-DK/TouchGFX/gui/src/startupscreen_screen/StartupScreenView.o
                0x900005be                StartupScreenView::~StartupScreenView()
 *fill*         0x900005ce        0x2 
 .text._ZN17StartupScreenViewC2Ev
                0x900005d0       0x1c TouchGFX/build/STM32F7508-DK/TouchGFX/gui/src/startupscreen_screen/StartupScreenView.o
                0x900005d0                StartupScreenView::StartupScreenView()
                0x900005d0                StartupScreenView::StartupScreenView()
 .text._ZN17StartupScreenView9setPotValEi
                0x900005ec       0x24 TouchGFX/build/STM32F7508-DK/TouchGFX/gui/src/startupscreen_screen/StartupScreenView.o
                0x900005ec                StartupScreenView::setPotVal(int)
 .text._ZN22StartupScreenPresenterD2Ev
                0x90000610        0x6 TouchGFX/build/STM32F7508-DK/TouchGFX/gui/src/startupscreen_screen/StartupScreenPresenter.o
                0x90000610                StartupScreenPresenter::~StartupScreenPresenter()
                0x90000610                StartupScreenPresenter::~StartupScreenPresenter()
                0x90000612                non-virtual thunk to StartupScreenPresenter::~StartupScreenPresenter()
 .text._ZN22StartupScreenPresenter10deactivateEv
                0x90000616        0x2 TouchGFX/build/STM32F7508-DK/TouchGFX/gui/src/startupscreen_screen/StartupScreenPresenter.o
                0x90000616                StartupScreenPresenter::deactivate()
 .text._ZN22StartupScreenPresenterD0Ev
                0x90000618       0x14 TouchGFX/build/STM32F7508-DK/TouchGFX/gui/src/startupscreen_screen/StartupScreenPresenter.o
                0x90000618                StartupScreenPresenter::~StartupScreenPresenter()
                0x90000626                non-virtual thunk to StartupScreenPresenter::~StartupScreenPresenter()
 .text._ZN22StartupScreenPresenter8activateEv
                0x9000062c        0x8 TouchGFX/build/STM32F7508-DK/TouchGFX/gui/src/startupscreen_screen/StartupScreenPresenter.o
                0x9000062c                StartupScreenPresenter::activate()
 .text._ZN22StartupScreenPresenter9newPotValEi
                0x90000634        0x6 TouchGFX/build/STM32F7508-DK/TouchGFX/gui/src/startupscreen_screen/StartupScreenPresenter.o
                0x90000634                StartupScreenPresenter::newPotVal(int)
 .text._ZThn4_N22StartupScreenPresenter9newPotValEi
                0x9000063a        0x8 TouchGFX/build/STM32F7508-DK/TouchGFX/gui/src/startupscreen_screen/StartupScreenPresenter.o
                0x9000063a                non-virtual thunk to StartupScreenPresenter::newPotVal(int)
 *fill*         0x90000642        0x2 
 .text._ZN22StartupScreenPresenterC2ER17StartupScreenView
                0x90000644       0x1c TouchGFX/build/STM32F7508-DK/TouchGFX/gui/src/startupscreen_screen/StartupScreenPresenter.o
                0x90000644                StartupScreenPresenter::StartupScreenPresenter(StartupScreenView&)
                0x90000644                StartupScreenPresenter::StartupScreenPresenter(StartupScreenView&)
 .text._ZN5ModelC2Ev
                0x90000660        0xa TouchGFX/build/STM32F7508-DK/TouchGFX/gui/src/model/Model.o
                0x90000660                Model::Model()
                0x90000660                Model::Model()
 .text._ZN5Model4tickEv
                0x9000066a       0x1a TouchGFX/build/STM32F7508-DK/TouchGFX/gui/src/model/Model.o
                0x9000066a                Model::tick()
 .text._ZN5Model13setScanPotValEb
                0x90000684        0x4 TouchGFX/build/STM32F7508-DK/TouchGFX/gui/src/model/Model.o
                0x90000684                Model::setScanPotVal(bool)
 .text._ZN8touchgfx11Application15appSwitchScreenEh
                0x90000688        0x2 TouchGFX/build/STM32F7508-DK/TouchGFX/gui/src/common/FrontendApplication.o
                0x90000688                touchgfx::Application::appSwitchScreen(unsigned char)
 .text._ZN8touchgfx11Application13requestRedrawERNS_4RectE
                0x9000068a        0xc TouchGFX/build/STM32F7508-DK/TouchGFX/gui/src/common/FrontendApplication.o
                0x9000068a                touchgfx::Application::requestRedraw(touchgfx::Rect&)
 .text._ZN19FrontendApplicationD2Ev
                0x90000696        0x2 TouchGFX/build/STM32F7508-DK/TouchGFX/gui/src/common/FrontendApplication.o
                0x90000696                FrontendApplication::~FrontendApplication()
                0x90000696                FrontendApplication::~FrontendApplication()
 .text._ZN19FrontendApplicationD0Ev
                0x90000698       0x10 TouchGFX/build/STM32F7508-DK/TouchGFX/gui/src/common/FrontendApplication.o
                0x90000698                FrontendApplication::~FrontendApplication()
 .text._ZN19FrontendApplication15handleTickEventEv
                0x900006a8       0x16 TouchGFX/build/STM32F7508-DK/TouchGFX/gui/src/common/FrontendApplication.o
                0x900006a8                FrontendApplication::handleTickEvent()
 .text._ZN8touchgfx14MVPApplication29handlePendingScreenTransitionEv
                0x900006be       0x24 TouchGFX/build/STM32F7508-DK/TouchGFX/gui/src/common/FrontendApplication.o
                0x900006be                touchgfx::MVPApplication::handlePendingScreenTransition()
 *fill*         0x900006e2        0x2 
 .text._ZN19FrontendApplicationC2ER5ModelR12FrontendHeap
                0x900006e4       0x14 TouchGFX/build/STM32F7508-DK/TouchGFX/gui/src/common/FrontendApplication.o
                0x900006e4                FrontendApplication::FrontendApplication(Model&, FrontendHeap&)
                0x900006e4                FrontendApplication::FrontendApplication(Model&, FrontendHeap&)
 .text._ZN8touchgfx8Drawable13getFirstChildEv
                0x900006f8        0x4 TouchGFX/build/STM32F7508-DK/TouchGFX/generated/gui_generated/src/startupscreen_screen/StartupScreenViewBase.o
                0x900006f8                touchgfx::Drawable::getFirstChild()
 .text._ZN8touchgfx8Drawable4setXEs
                0x900006fc        0x4 TouchGFX/build/STM32F7508-DK/TouchGFX/generated/gui_generated/src/startupscreen_screen/StartupScreenViewBase.o
                0x900006fc                touchgfx::Drawable::setX(short)
 .text._ZN8touchgfx8Drawable4setYEs
                0x90000700        0x4 TouchGFX/build/STM32F7508-DK/TouchGFX/generated/gui_generated/src/startupscreen_screen/StartupScreenViewBase.o
                0x90000700                touchgfx::Drawable::setY(short)
 .text._ZN8touchgfx8Drawable8setWidthEs
                0x90000704        0x4 TouchGFX/build/STM32F7508-DK/TouchGFX/generated/gui_generated/src/startupscreen_screen/StartupScreenViewBase.o
                0x90000704                touchgfx::Drawable::setWidth(short)
 .text._ZN8touchgfx8Drawable9setHeightEs
                0x90000708        0x4 TouchGFX/build/STM32F7508-DK/TouchGFX/generated/gui_generated/src/startupscreen_screen/StartupScreenViewBase.o
                0x90000708                touchgfx::Drawable::setHeight(short)
 .text._ZN8touchgfx8Drawable20childGeometryChangedEv
                0x9000070c        0x2 TouchGFX/build/STM32F7508-DK/TouchGFX/generated/gui_generated/src/startupscreen_screen/StartupScreenViewBase.o
                0x9000070c                touchgfx::Drawable::childGeometryChanged()
 .text._ZN8touchgfx8Drawable16handleClickEventERKNS_10ClickEventE
                0x9000070e        0x2 TouchGFX/build/STM32F7508-DK/TouchGFX/generated/gui_generated/src/startupscreen_screen/StartupScreenViewBase.o
                0x9000070e                touchgfx::Drawable::handleClickEvent(touchgfx::ClickEvent const&)
 .text._ZN8touchgfx8Drawable18handleGestureEventERKNS_12GestureEventE
                0x90000710        0x2 TouchGFX/build/STM32F7508-DK/TouchGFX/generated/gui_generated/src/startupscreen_screen/StartupScreenViewBase.o
                0x90000710                touchgfx::Drawable::handleGestureEvent(touchgfx::GestureEvent const&)
 .text._ZN8touchgfx8Drawable15handleDragEventERKNS_9DragEventE
                0x90000712        0x2 TouchGFX/build/STM32F7508-DK/TouchGFX/generated/gui_generated/src/startupscreen_screen/StartupScreenViewBase.o
                0x90000712                touchgfx::Drawable::handleDragEvent(touchgfx::DragEvent const&)
 .text._ZN8touchgfx8Drawable15handleTickEventEv
                0x90000714        0x2 TouchGFX/build/STM32F7508-DK/TouchGFX/generated/gui_generated/src/startupscreen_screen/StartupScreenViewBase.o
                0x90000714                touchgfx::Drawable::handleTickEvent()
 .text._ZN8touchgfx8Drawable6moveToEss
                0x90000716       0x18 TouchGFX/build/STM32F7508-DK/TouchGFX/generated/gui_generated/src/startupscreen_screen/StartupScreenViewBase.o
                0x90000716                touchgfx::Drawable::moveTo(short, short)
 .text._ZN8touchgfx8Drawable14setupDrawChainERKNS_4RectEPPS0_
                0x9000072e       0x14 TouchGFX/build/STM32F7508-DK/TouchGFX/generated/gui_generated/src/startupscreen_screen/StartupScreenViewBase.o
                0x9000072e                touchgfx::Drawable::setupDrawChain(touchgfx::Rect const&, touchgfx::Drawable**)
 .text._ZN8touchgfx6Screen11setupScreenEv
                0x90000742        0x2 TouchGFX/build/STM32F7508-DK/TouchGFX/generated/gui_generated/src/startupscreen_screen/StartupScreenViewBase.o
                0x90000742                touchgfx::Screen::setupScreen()
 .text._ZN8touchgfx6Screen14tearDownScreenEv
                0x90000744        0x2 TouchGFX/build/STM32F7508-DK/TouchGFX/generated/gui_generated/src/startupscreen_screen/StartupScreenViewBase.o
                0x90000744                touchgfx::Screen::tearDownScreen()
 .text._ZN8touchgfx6Widget12getLastChildEssPPNS_8DrawableE
                0x90000746       0x10 TouchGFX/build/STM32F7508-DK/TouchGFX/generated/gui_generated/src/startupscreen_screen/StartupScreenViewBase.o
                0x90000746                touchgfx::Widget::getLastChild(short, short, touchgfx::Drawable**)
 .text._ZN8touchgfx15AbstractPainter8setAlphaEh
                0x90000756        0x4 TouchGFX/build/STM32F7508-DK/TouchGFX/generated/gui_generated/src/startupscreen_screen/StartupScreenViewBase.o
                0x90000756                touchgfx::AbstractPainter::setAlpha(unsigned char)
 .text._ZNK8touchgfx15AbstractPainter8getAlphaEv
                0x9000075a        0x4 TouchGFX/build/STM32F7508-DK/TouchGFX/generated/gui_generated/src/startupscreen_screen/StartupScreenViewBase.o
                0x9000075a                touchgfx::AbstractPainter::getAlpha() const
 .text._ZN8touchgfx9TypedTextD2Ev
                0x9000075e        0x2 TouchGFX/build/STM32F7508-DK/TouchGFX/generated/gui_generated/src/startupscreen_screen/StartupScreenViewBase.o
                0x9000075e                touchgfx::TypedText::~TypedText()
                0x9000075e                touchgfx::TypedText::~TypedText()
 .text._ZN21StartupScreenViewBaseD2Ev
                0x90000760        0x2 TouchGFX/build/STM32F7508-DK/TouchGFX/generated/gui_generated/src/startupscreen_screen/StartupScreenViewBase.o
                0x90000760                StartupScreenViewBase::~StartupScreenViewBase()
                0x90000760                StartupScreenViewBase::~StartupScreenViewBase()
 .text._ZN21StartupScreenViewBase11setupScreenEv
                0x90000762        0x2 TouchGFX/build/STM32F7508-DK/TouchGFX/generated/gui_generated/src/startupscreen_screen/StartupScreenViewBase.o
                0x90000762                StartupScreenViewBase::setupScreen()
 .text._ZN8touchgfx9TypedTextD0Ev
                0x90000764        0xe TouchGFX/build/STM32F7508-DK/TouchGFX/generated/gui_generated/src/startupscreen_screen/StartupScreenViewBase.o
                0x90000764                touchgfx::TypedText::~TypedText()
 .text._ZN21StartupScreenViewBaseD0Ev
                0x90000772       0x10 TouchGFX/build/STM32F7508-DK/TouchGFX/generated/gui_generated/src/startupscreen_screen/StartupScreenViewBase.o
                0x90000772                StartupScreenViewBase::~StartupScreenViewBase()
 *fill*         0x90000782        0x2 
 .text._ZN8touchgfx8DrawableC2Ev
                0x90000784       0x2c TouchGFX/build/STM32F7508-DK/TouchGFX/generated/gui_generated/src/startupscreen_screen/StartupScreenViewBase.o
                0x90000784                touchgfx::Drawable::Drawable()
                0x90000784                touchgfx::Drawable::Drawable()
 .text._ZN8touchgfx8Drawable5setXYEss
                0x900007b0       0x1a TouchGFX/build/STM32F7508-DK/TouchGFX/generated/gui_generated/src/startupscreen_screen/StartupScreenViewBase.o
                0x900007b0                touchgfx::Drawable::setXY(short, short)
 *fill*         0x900007ca        0x2 
 .text._ZN8touchgfx3HAL3lcdEv
                0x900007cc       0x18 TouchGFX/build/STM32F7508-DK/TouchGFX/generated/gui_generated/src/startupscreen_screen/StartupScreenViewBase.o
                0x900007cc                touchgfx::HAL::lcd()
 .text._ZN8touchgfx21AbstractPainterRGB565C2Ev
                0x900007e4       0x60 TouchGFX/build/STM32F7508-DK/TouchGFX/generated/gui_generated/src/startupscreen_screen/StartupScreenViewBase.o
                0x900007e4                touchgfx::AbstractPainterRGB565::AbstractPainterRGB565()
                0x900007e4                touchgfx::AbstractPainterRGB565::AbstractPainterRGB565()
 .text._ZN8touchgfx5Color20getColorFrom24BitRGBEhhh
                0x90000844       0x44 TouchGFX/build/STM32F7508-DK/TouchGFX/generated/gui_generated/src/startupscreen_screen/StartupScreenViewBase.o
                0x90000844                touchgfx::Color::getColorFrom24BitRGB(unsigned char, unsigned char, unsigned char)
 .text._ZN21StartupScreenViewBaseC2Ev
                0x90000888      0x230 TouchGFX/build/STM32F7508-DK/TouchGFX/generated/gui_generated/src/startupscreen_screen/StartupScreenViewBase.o
                0x90000888                StartupScreenViewBase::StartupScreenViewBase()
                0x90000888                StartupScreenViewBase::StartupScreenViewBase()
 .text._ZN8touchgfx10Transition8tearDownEv
                0x90000ab8        0x2 TouchGFX/build/STM32F7508-DK/TouchGFX/generated/gui_generated/src/common/FrontendApplicationBase.o
                0x90000ab8                touchgfx::Transition::tearDown()
 .text._ZN8touchgfx10Transition4initEv
                0x90000aba        0x2 TouchGFX/build/STM32F7508-DK/TouchGFX/generated/gui_generated/src/common/FrontendApplicationBase.o
                0x90000aba                touchgfx::Transition::init()
 .text._ZN8touchgfx10Transition18setScreenContainerERNS_9ContainerE
                0x90000abc        0x4 TouchGFX/build/STM32F7508-DK/TouchGFX/generated/gui_generated/src/common/FrontendApplicationBase.o
                0x90000abc                touchgfx::Transition::setScreenContainer(touchgfx::Container&)
 .text._ZN23FrontendApplicationBaseD2Ev
                0x90000ac0        0x2 TouchGFX/build/STM32F7508-DK/TouchGFX/generated/gui_generated/src/common/FrontendApplicationBase.o
                0x90000ac0                FrontendApplicationBase::~FrontendApplicationBase()
                0x90000ac0                FrontendApplicationBase::~FrontendApplicationBase()
 .text._ZN8touchgfx12NoTransition15handleTickEventEv
                0x90000ac2        0x6 TouchGFX/build/STM32F7508-DK/TouchGFX/generated/gui_generated/src/common/FrontendApplicationBase.o
                0x90000ac2                touchgfx::NoTransition::handleTickEvent()
 .text._ZN8touchgfx12NoTransitionD2Ev
                0x90000ac8        0x2 TouchGFX/build/STM32F7508-DK/TouchGFX/generated/gui_generated/src/common/FrontendApplicationBase.o
                0x90000ac8                touchgfx::NoTransition::~NoTransition()
                0x90000ac8                touchgfx::NoTransition::~NoTransition()
 .text._ZN8touchgfx8CallbackI23FrontendApplicationBasevvvED2Ev
                0x90000aca        0x2 TouchGFX/build/STM32F7508-DK/TouchGFX/generated/gui_generated/src/common/FrontendApplicationBase.o
                0x90000aca                touchgfx::Callback<FrontendApplicationBase, void, void, void>::~Callback()
                0x90000aca                touchgfx::Callback<FrontendApplicationBase, void, void, void>::~Callback()
 .text._ZN8touchgfx8CallbackI23FrontendApplicationBasevvvE7executeEv
                0x90000acc       0x20 TouchGFX/build/STM32F7508-DK/TouchGFX/generated/gui_generated/src/common/FrontendApplicationBase.o
                0x90000acc                touchgfx::Callback<FrontendApplicationBase, void, void, void>::execute()
 .text._ZNK8touchgfx8CallbackI23FrontendApplicationBasevvvE7isValidEv
                0x90000aec       0x18 TouchGFX/build/STM32F7508-DK/TouchGFX/generated/gui_generated/src/common/FrontendApplicationBase.o
                0x90000aec                touchgfx::Callback<FrontendApplicationBase, void, void, void>::isValid() const
 .text._ZN8touchgfx12NoTransitionD0Ev
                0x90000b04        0xe TouchGFX/build/STM32F7508-DK/TouchGFX/generated/gui_generated/src/common/FrontendApplicationBase.o
                0x90000b04                touchgfx::NoTransition::~NoTransition()
 .text._ZN23FrontendApplicationBaseD0Ev
                0x90000b12       0x10 TouchGFX/build/STM32F7508-DK/TouchGFX/generated/gui_generated/src/common/FrontendApplicationBase.o
                0x90000b12                FrontendApplicationBase::~FrontendApplicationBase()
 .text._ZN8touchgfx8CallbackI23FrontendApplicationBasevvvED0Ev
                0x90000b22        0xe TouchGFX/build/STM32F7508-DK/TouchGFX/generated/gui_generated/src/common/FrontendApplicationBase.o
                0x90000b22                touchgfx::Callback<FrontendApplicationBase, void, void, void>::~Callback()
 .text._ZN8touchgfx10Transition10invalidateEv
                0x90000b30       0x10 TouchGFX/build/STM32F7508-DK/TouchGFX/generated/gui_generated/src/common/FrontendApplicationBase.o
                0x90000b30                touchgfx::Transition::invalidate()
 .text._ZN23FrontendApplicationBaseC2ER5ModelR12FrontendHeap
                0x90000b40       0x70 TouchGFX/build/STM32F7508-DK/TouchGFX/generated/gui_generated/src/common/FrontendApplicationBase.o
                0x90000b40                FrontendApplicationBase::FrontendApplicationBase(Model&, FrontendHeap&)
                0x90000b40                FrontendApplicationBase::FrontendApplicationBase(Model&, FrontendHeap&)
 .text._ZN23FrontendApplicationBase35gotoStartupScreenScreenNoTransitionEv
                0x90000bb0       0x20 TouchGFX/build/STM32F7508-DK/TouchGFX/generated/gui_generated/src/common/FrontendApplicationBase.o
                0x90000bb0                FrontendApplicationBase::gotoStartupScreenScreenNoTransition()
 .text._ZN8touchgfx14makeTransitionI17StartupScreenView22StartupScreenPresenterNS_12NoTransitionE5ModelEEPT0_PPNS_6ScreenEPPNS_9PresenterERNS_7MVPHeapEPPNS_10TransitionEPT2_
                0x90000bd0      0x140 TouchGFX/build/STM32F7508-DK/TouchGFX/generated/gui_generated/src/common/FrontendApplicationBase.o
                0x90000bd0                StartupScreenPresenter* touchgfx::makeTransition<StartupScreenView, StartupScreenPresenter, touchgfx::NoTransition, Model>(touchgfx::Screen**, touchgfx::Presenter**, touchgfx::MVPHeap&, touchgfx::Transition**, Model*)
 .text._ZN23FrontendApplicationBase39gotoStartupScreenScreenNoTransitionImplEv
                0x90000d10       0x28 TouchGFX/build/STM32F7508-DK/TouchGFX/generated/gui_generated/src/common/FrontendApplicationBase.o
                0x90000d10                FrontendApplicationBase::gotoStartupScreenScreenNoTransitionImpl()
 .text._ZNK8touchgfx4Font8getGlyphEt
                0x90000d38       0x1e TouchGFX/build/STM32F7508-DK/TouchGFX/generated/fonts/src/GeneratedFont.o
                0x90000d38                touchgfx::Font::getGlyph(unsigned short) const
 .text._ZNK8touchgfx4Font15getFallbackCharEv
                0x90000d56        0x4 TouchGFX/build/STM32F7508-DK/TouchGFX/generated/fonts/src/GeneratedFont.o
                0x90000d56                touchgfx::Font::getFallbackChar() const
 .text._ZNK8touchgfx4Font15getEllipsisCharEv
                0x90000d5a        0x4 TouchGFX/build/STM32F7508-DK/TouchGFX/generated/fonts/src/GeneratedFont.o
                0x90000d5a                touchgfx::Font::getEllipsisChar() const
 .text._ZNK8touchgfx4Font13getFontHeightEv
                0x90000d5e        0x4 TouchGFX/build/STM32F7508-DK/TouchGFX/generated/fonts/src/GeneratedFont.o
                0x90000d5e                touchgfx::Font::getFontHeight() const
 .text._ZNK8touchgfx4Font20getMinimumTextHeightEv
                0x90000d62        0xa TouchGFX/build/STM32F7508-DK/TouchGFX/generated/fonts/src/GeneratedFont.o
                0x90000d62                touchgfx::Font::getMinimumTextHeight() const
 .text._ZNK8touchgfx4Font15getBitsPerPixelEv
                0x90000d6c        0x8 TouchGFX/build/STM32F7508-DK/TouchGFX/generated/fonts/src/GeneratedFont.o
                0x90000d6c                touchgfx::Font::getBitsPerPixel() const
 .text._ZNK8touchgfx4Font15getByteAlignRowEv
                0x90000d74        0x6 TouchGFX/build/STM32F7508-DK/TouchGFX/generated/fonts/src/GeneratedFont.o
                0x90000d74                touchgfx::Font::getByteAlignRow() const
 .text._ZNK8touchgfx13GeneratedFont12getGSUBTableEv
                0x90000d7a        0x4 TouchGFX/build/STM32F7508-DK/TouchGFX/generated/fonts/src/GeneratedFont.o
                0x90000d7a                touchgfx::GeneratedFont::getGSUBTable() const
 .text._ZN8touchgfx13GeneratedFontD2Ev
                0x90000d7e        0x2 TouchGFX/build/STM32F7508-DK/TouchGFX/generated/fonts/src/GeneratedFont.o
                0x90000d7e                touchgfx::GeneratedFont::~GeneratedFont()
                0x90000d7e                touchgfx::GeneratedFont::~GeneratedFont()
 .text._ZNK8touchgfx13GeneratedFont12getPixelDataEPKNS_9GlyphNodeE
                0x90000d80       0x10 TouchGFX/build/STM32F7508-DK/TouchGFX/generated/fonts/src/GeneratedFont.o
                0x90000d80                touchgfx::GeneratedFont::getPixelData(touchgfx::GlyphNode const*) const
 .text._ZNK8touchgfx13GeneratedFont10getKerningEtPKNS_9GlyphNodeE
                0x90000d90       0x3a TouchGFX/build/STM32F7508-DK/TouchGFX/generated/fonts/src/GeneratedFont.o
                0x90000d90                touchgfx::GeneratedFont::getKerning(unsigned short, touchgfx::GlyphNode const*) const
 .text._ZN8touchgfx13GeneratedFontD0Ev
                0x90000dca        0xe TouchGFX/build/STM32F7508-DK/TouchGFX/generated/fonts/src/GeneratedFont.o
                0x90000dca                touchgfx::GeneratedFont::~GeneratedFont()
 .text._ZN8touchgfx13GeneratedFontC2EPKNS_9GlyphNodeEtthhhhhPKPKhPKNS_11KerningNodeEttPKt
                0x90000dd8       0x50 TouchGFX/build/STM32F7508-DK/TouchGFX/generated/fonts/src/GeneratedFont.o
                0x90000dd8                touchgfx::GeneratedFont::GeneratedFont(touchgfx::GlyphNode const*, unsigned short, unsigned short, unsigned char, unsigned char, unsigned char, unsigned char, unsigned char, unsigned char const* const*, touchgfx::KerningNode const*, unsigned short, unsigned short, unsigned short const*)
                0x90000dd8                touchgfx::GeneratedFont::GeneratedFont(touchgfx::GlyphNode const*, unsigned short, unsigned short, unsigned char, unsigned char, unsigned char, unsigned char, unsigned char, unsigned char const* const*, touchgfx::KerningNode const*, unsigned short, unsigned short, unsigned short const*)
 .text._Z23getFont_verdana_10_4bppv
                0x90000e28       0x74 TouchGFX/build/STM32F7508-DK/TouchGFX/generated/fonts/src/Table_verdana_10_4bpp.o
                0x90000e28                getFont_verdana_10_4bpp()
 .text._Z23getFont_verdana_40_4bppv
                0x90000e9c       0x74 TouchGFX/build/STM32F7508-DK/TouchGFX/generated/fonts/src/Table_verdana_40_4bpp.o
                0x90000e9c                getFont_verdana_40_4bpp()
 .text._Z23getFont_verdana_20_4bppv
                0x90000f10       0x78 TouchGFX/build/STM32F7508-DK/TouchGFX/generated/fonts/src/Table_verdana_20_4bpp.o
                0x90000f10                getFont_verdana_20_4bpp()
 .text._ZN23ApplicationFontProviderD2Ev
                0x90000f88        0x2 TouchGFX/build/STM32F7508-DK/TouchGFX/generated/fonts/src/ApplicationFontProvider.o
                0x90000f88                ApplicationFontProvider::~ApplicationFontProvider()
                0x90000f88                ApplicationFontProvider::~ApplicationFontProvider()
 .text._ZN23ApplicationFontProviderD0Ev
                0x90000f8a        0xe TouchGFX/build/STM32F7508-DK/TouchGFX/generated/fonts/src/ApplicationFontProvider.o
                0x90000f8a                ApplicationFontProvider::~ApplicationFontProvider()
 .text._ZN23ApplicationFontProvider7getFontEt
                0x90000f98       0x28 TouchGFX/build/STM32F7508-DK/TouchGFX/generated/fonts/src/ApplicationFontProvider.o
                0x90000f98                ApplicationFontProvider::getFont(unsigned short)
 .text._ZN14BitmapDatabase11getInstanceEv
                0x90000fc0        0x8 TouchGFX/build/STM32F7508-DK/TouchGFX/generated/images/src/BitmapDatabase.o
                0x90000fc0                BitmapDatabase::getInstance()
 .text._ZN14BitmapDatabase15getInstanceSizeEv
                0x90000fc8        0x4 TouchGFX/build/STM32F7508-DK/TouchGFX/generated/images/src/BitmapDatabase.o
                0x90000fc8                BitmapDatabase::getInstanceSize()
 .text._ZN17TypedTextDatabase15getInstanceSizeEv
                0x90000fcc        0x4 TouchGFX/build/STM32F7508-DK/TouchGFX/generated/texts/src/TypedTextDatabase.o
                0x90000fcc                TypedTextDatabase::getInstanceSize()
 .text._ZN17TypedTextDatabase8getFontsEv
                0x90000fd0        0x8 TouchGFX/build/STM32F7508-DK/TouchGFX/generated/texts/src/TypedTextDatabase.o
                0x90000fd0                TypedTextDatabase::getFonts()
 .text.startup._GLOBAL__sub_I_touchgfx_fonts
                0x90000fd8       0x1c TouchGFX/build/STM32F7508-DK/TouchGFX/generated/texts/src/TypedTextDatabase.o
 .text._ZNK8touchgfx4Font12getGSUBTableEv
                0x90000ff4        0x4 TouchGFX/build/STM32F7508-DK/TouchGFX/generated/texts/src/Texts.o
                0x90000ff4                touchgfx::Font::getGSUBTable() const
 .text._ZNK8touchgfx4Font14getStringWidthEPKtz
                0x90000ff8       0x1c TouchGFX/build/STM32F7508-DK/TouchGFX/generated/texts/src/Texts.o
                0x90000ff8                touchgfx::Font::getStringWidth(unsigned short const*, ...) const
 .text._ZNK8touchgfx4Font14getStringWidthEhPKtz
                0x90001014       0x1a TouchGFX/build/STM32F7508-DK/TouchGFX/generated/texts/src/Texts.o
                0x90001014                touchgfx::Font::getStringWidth(unsigned char, unsigned short const*, ...) const
 *fill*         0x9000102e        0x2 
 .text._ZN8touchgfx12TextProvider15getNextLigatureEh
                0x90001030       0x84 TouchGFX/build/STM32F7508-DK/TouchGFX/generated/texts/src/Texts.o
                0x90001030                touchgfx::TextProvider::getNextLigature(unsigned char)
 .text._ZN8touchgfx12TextProvider18initializeInternalEv
                0x900010b4        0x4 TouchGFX/build/STM32F7508-DK/TouchGFX/generated/texts/src/Texts.o
                0x900010b4                touchgfx::TextProvider::initializeInternal()
 .text._ZN8touchgfx3LCD10drawStringENS_4RectERKS1_RKNS0_13StringVisualsEPKtz
                0x900010b8       0x22 TouchGFX/build/STM32F7508-DK/TouchGFX/generated/texts/src/Texts.o
                0x900010b8                touchgfx::LCD::drawString(touchgfx::Rect, touchgfx::Rect const&, touchgfx::LCD::StringVisuals const&, unsigned short const*, ...)
 *fill*         0x900010da        0x2 
 .text._ZN8touchgfx5Texts11setLanguageEt
                0x900010dc       0x74 TouchGFX/build/STM32F7508-DK/TouchGFX/generated/texts/src/Texts.o
                0x900010dc                touchgfx::Texts::setLanguage(unsigned short)
 .text._ZNK8touchgfx5Texts7getTextEt
                0x90001150       0x1c TouchGFX/build/STM32F7508-DK/TouchGFX/generated/texts/src/Texts.o
                0x90001150                touchgfx::Texts::getText(unsigned short) const
 .text._ZN8touchgfx3HAL21setDisplayOrientationENS_18DisplayOrientationE
                0x9000116c        0xc TouchGFX/build/STM32F7508-DK/TouchGFX/target/generated/TouchGFXGeneratedHAL.o
                0x9000116c                touchgfx::HAL::setDisplayOrientation(touchgfx::DisplayOrientation)
 .text._ZN8touchgfx3HAL9sampleKeyERh
                0x90001178        0x4 TouchGFX/build/STM32F7508-DK/TouchGFX/target/generated/TouchGFXGeneratedHAL.o
                0x90001178                touchgfx::HAL::sampleKey(unsigned char&)
 .text._ZNK8touchgfx3HAL18getFlashDataReaderEv
                0x9000117c        0x4 TouchGFX/build/STM32F7508-DK/TouchGFX/target/generated/TouchGFXGeneratedHAL.o
                0x9000117c                touchgfx::HAL::getFlashDataReader() const
 .text._ZN8touchgfx3HAL9taskDelayEt
                0x90001180        0xa TouchGFX/build/STM32F7508-DK/TouchGFX/target/generated/TouchGFXGeneratedHAL.o
                0x90001180                touchgfx::HAL::taskDelay(unsigned short)
 .text._ZN8touchgfx3HAL17getTFTCurrentLineEv
                0x9000118a        0x6 TouchGFX/build/STM32F7508-DK/TouchGFX/target/generated/TouchGFXGeneratedHAL.o
                0x9000118a                touchgfx::HAL::getTFTCurrentLine()
 .text._ZN8touchgfx3HAL10getDMATypeEv
                0x90001190        0x8 TouchGFX/build/STM32F7508-DK/TouchGFX/target/generated/TouchGFXGeneratedHAL.o
                0x90001190                touchgfx::HAL::getDMAType()
 .text.SCB_CleanInvalidateDCache
                0x90001198       0x54 TouchGFX/build/STM32F7508-DK/TouchGFX/target/generated/TouchGFXGeneratedHAL.o
 .text._ZN20TouchGFXGeneratedHAL19configureInterruptsEv
                0x900011ec       0x14 TouchGFX/build/STM32F7508-DK/TouchGFX/target/generated/TouchGFXGeneratedHAL.o
                0x900011ec                TouchGFXGeneratedHAL::configureInterrupts()
 .text._ZN20TouchGFXGeneratedHAL28enableLCDControllerInterruptEv
                0x90001200       0x34 TouchGFX/build/STM32F7508-DK/TouchGFX/target/generated/TouchGFXGeneratedHAL.o
                0x90001200                TouchGFXGeneratedHAL::enableLCDControllerInterrupt()
 .text._ZNK20TouchGFXGeneratedHAL17getTFTFrameBufferEv
                0x90001234        0xc TouchGFX/build/STM32F7508-DK/TouchGFX/target/generated/TouchGFXGeneratedHAL.o
                0x90001234                TouchGFXGeneratedHAL::getTFTFrameBuffer() const
 .text._ZN20TouchGFXGeneratedHAL17setTFTFrameBufferEPt
                0x90001240       0x10 TouchGFX/build/STM32F7508-DK/TouchGFX/target/generated/TouchGFXGeneratedHAL.o
                0x90001240                TouchGFXGeneratedHAL::setTFTFrameBuffer(unsigned short*)
 .text._ZN20TouchGFXGeneratedHAL15InvalidateCacheEv
                0x90001250        0x4 TouchGFX/build/STM32F7508-DK/TouchGFX/target/generated/TouchGFXGeneratedHAL.o
                0x90001250                TouchGFXGeneratedHAL::InvalidateCache()
                0x90001250                TouchGFXGeneratedHAL::FlushCache()
 .text._ZN8touchgfx3HAL28setFrameBufferStartAddressesEPvS1_S1_
                0x90001254       0x44 TouchGFX/build/STM32F7508-DK/TouchGFX/target/generated/TouchGFXGeneratedHAL.o
                0x90001254                touchgfx::HAL::setFrameBufferStartAddresses(void*, void*, void*)
 .text._ZN20TouchGFXGeneratedHAL16flushFrameBufferERKN8touchgfx4RectE
                0x90001298        0xe TouchGFX/build/STM32F7508-DK/TouchGFX/target/generated/TouchGFXGeneratedHAL.o
                0x90001298                TouchGFXGeneratedHAL::flushFrameBuffer(touchgfx::Rect const&)
 .text._ZN20TouchGFXGeneratedHAL9blockCopyEPvPKvm
                0x900012a6        0x4 TouchGFX/build/STM32F7508-DK/TouchGFX/target/generated/TouchGFXGeneratedHAL.o
                0x900012a6                TouchGFXGeneratedHAL::blockCopy(void*, void const*, unsigned long)
 .text._ZN8touchgfx3HAL15backPorchExitedEv
                0x900012aa       0x16 TouchGFX/build/STM32F7508-DK/TouchGFX/target/generated/TouchGFXGeneratedHAL.o
                0x900012aa                touchgfx::HAL::backPorchExited()
 .text._ZN8touchgfx3HAL11getBlitCapsEv
                0x900012c0       0x12 TouchGFX/build/STM32F7508-DK/TouchGFX/target/generated/TouchGFXGeneratedHAL.o
                0x900012c0                touchgfx::HAL::getBlitCaps()
 *fill*         0x900012d2        0x2 
 .text._ZN8touchgfx3HAL31performDisplayOrientationChangeEv
                0x900012d4       0x60 TouchGFX/build/STM32F7508-DK/TouchGFX/target/generated/TouchGFXGeneratedHAL.o
                0x900012d4                touchgfx::HAL::performDisplayOrientationChange()
 .text._ZN20TouchGFXGeneratedHAL16enableInterruptsEv
                0x90001334       0x14 TouchGFX/build/STM32F7508-DK/TouchGFX/target/generated/TouchGFXGeneratedHAL.o
                0x90001334                TouchGFXGeneratedHAL::enableInterrupts()
 .text._ZN20TouchGFXGeneratedHAL17disableInterruptsEv
                0x90001348       0x28 TouchGFX/build/STM32F7508-DK/TouchGFX/target/generated/TouchGFXGeneratedHAL.o
                0x90001348                TouchGFXGeneratedHAL::disableInterrupts()
 .text._ZN20TouchGFXGeneratedHAL10initializeEv
                0x90001370       0x30 TouchGFX/build/STM32F7508-DK/TouchGFX/target/generated/TouchGFXGeneratedHAL.o
                0x90001370                TouchGFXGeneratedHAL::initialize()
 .text.HAL_LTDC_LineEventCallback
                0x900013a0       0x60 TouchGFX/build/STM32F7508-DK/TouchGFX/target/generated/TouchGFXGeneratedHAL.o
                0x900013a0                HAL_LTDC_LineEventCallback
 .text._ZN8touchgfx13DMA_Interface5flushEv
                0x90001400        0x6 TouchGFX/build/STM32F7508-DK/TouchGFX/target/generated/STM32DMA.o
                0x90001400                touchgfx::DMA_Interface::flush()
 .text._ZN10STM32F7DMA10getDMATypeEv
                0x90001406        0x4 TouchGFX/build/STM32F7508-DK/TouchGFX/target/generated/STM32DMA.o
                0x90001406                STM32F7DMA::getDMAType()
 .text._ZN10STM32F7DMA18signalDMAInterruptEv
                0x9000140a        0x6 TouchGFX/build/STM32F7508-DK/TouchGFX/target/generated/STM32DMA.o
                0x9000140a                STM32F7DMA::signalDMAInterrupt()
 .text._ZN10STM32F7DMA10initializeEv
                0x90001410       0x48 TouchGFX/build/STM32F7508-DK/TouchGFX/target/generated/STM32DMA.o
                0x90001410                STM32F7DMA::initialize()
 .text._ZN10STM32F7DMA11getBlitCapsEv
                0x90001458        0x6 TouchGFX/build/STM32F7508-DK/TouchGFX/target/generated/STM32DMA.o
                0x90001458                STM32F7DMA::getBlitCaps()
 *fill*         0x9000145e        0x2 
 .text.DMA2D_XferCpltCallback
                0x90001460       0x10 TouchGFX/build/STM32F7508-DK/TouchGFX/target/generated/STM32DMA.o
 .text._ZN10STM32F7DMA22getChromARTInputFormatEN8touchgfx6Bitmap12BitmapFormatE.isra.1
                0x90001470       0x40 TouchGFX/build/STM32F7508-DK/TouchGFX/target/generated/STM32DMA.o
 .text._ZN10STM32F7DMA23getChromARTOutputFormatEN8touchgfx6Bitmap12BitmapFormatE.isra.3
                0x900014b0       0x3c TouchGFX/build/STM32F7508-DK/TouchGFX/target/generated/STM32DMA.o
 .text._ZN10STM32F7DMA13setupDataCopyERKN8touchgfx6BlitOpE
                0x900014ec      0x184 TouchGFX/build/STM32F7508-DK/TouchGFX/target/generated/STM32DMA.o
                0x900014ec                STM32F7DMA::setupDataCopy(touchgfx::BlitOp const&)
 .text._ZN10STM32F7DMA13setupDataFillERKN8touchgfx6BlitOpE
                0x90001670       0xb0 TouchGFX/build/STM32F7508-DK/TouchGFX/target/generated/STM32DMA.o
                0x90001670                STM32F7DMA::setupDataFill(touchgfx::BlitOp const&)
 .text._ZN10STM32F7DMAD2Ev
                0x90001720       0x20 TouchGFX/build/STM32F7508-DK/TouchGFX/target/generated/STM32DMA.o
                0x90001720                STM32F7DMA::~STM32F7DMA()
                0x90001720                STM32F7DMA::~STM32F7DMA()
 .text._ZN10STM32F7DMAD0Ev
                0x90001740       0x16 TouchGFX/build/STM32F7508-DK/TouchGFX/target/generated/STM32DMA.o
                0x90001740                STM32F7DMA::~STM32F7DMA()
 *fill*         0x90001756        0x2 
 .text._ZN10STM32F7DMAC2Ev
                0x90001758       0x34 TouchGFX/build/STM32F7508-DK/TouchGFX/target/generated/STM32DMA.o
                0x90001758                STM32F7DMA::STM32F7DMA()
                0x90001758                STM32F7DMA::STM32F7DMA()
 .text._ZN8touchgfx10OSWrappers10initializeEv
                0x9000178c       0x50 TouchGFX/build/STM32F7508-DK/TouchGFX/target/generated/OSWrappers.o
                0x9000178c                touchgfx::OSWrappers::initialize()
 .text._ZN8touchgfx10OSWrappers24takeFrameBufferSemaphoreEv
                0x900017dc       0x10 TouchGFX/build/STM32F7508-DK/TouchGFX/target/generated/OSWrappers.o
                0x900017dc                touchgfx::OSWrappers::takeFrameBufferSemaphore()
 .text._ZN8touchgfx10OSWrappers24giveFrameBufferSemaphoreEv
                0x900017ec        0xc TouchGFX/build/STM32F7508-DK/TouchGFX/target/generated/OSWrappers.o
                0x900017ec                touchgfx::OSWrappers::giveFrameBufferSemaphore()
 .text._ZN8touchgfx10OSWrappers27tryTakeFrameBufferSemaphoreEv
                0x900017f8       0x10 TouchGFX/build/STM32F7508-DK/TouchGFX/target/generated/OSWrappers.o
                0x900017f8                touchgfx::OSWrappers::tryTakeFrameBufferSemaphore()
 .text._ZN8touchgfx10OSWrappers31giveFrameBufferSemaphoreFromISREv
                0x90001808        0x4 TouchGFX/build/STM32F7508-DK/TouchGFX/target/generated/OSWrappers.o
                0x90001808                touchgfx::OSWrappers::giveFrameBufferSemaphoreFromISR()
 .text._ZN8touchgfx10OSWrappers11signalVSyncEv
                0x9000180c       0x18 TouchGFX/build/STM32F7508-DK/TouchGFX/target/generated/OSWrappers.o
                0x9000180c                touchgfx::OSWrappers::signalVSync()
 .text._ZN8touchgfx10OSWrappers12waitForVSyncEv
                0x90001824       0x28 TouchGFX/build/STM32F7508-DK/TouchGFX/target/generated/OSWrappers.o
                0x90001824                touchgfx::OSWrappers::waitForVSync()
 .text._ZN20STM32TouchControllerD2Ev
                0x9000184c        0x2 TouchGFX/build/STM32F7508-DK/TouchGFX/target/generated/TouchGFXConfiguration.o
                0x9000184c                STM32TouchController::~STM32TouchController()
                0x9000184c                STM32TouchController::~STM32TouchController()
 .text._ZN8touchgfx8LCD16bppD2Ev
                0x9000184e        0x2 TouchGFX/build/STM32F7508-DK/TouchGFX/target/generated/TouchGFXConfiguration.o
                0x9000184e                touchgfx::LCD16bpp::~LCD16bpp()
                0x9000184e                touchgfx::LCD16bpp::~LCD16bpp()
 .text._ZN11TouchGFXHALD2Ev
                0x90001850        0x2 TouchGFX/build/STM32F7508-DK/TouchGFX/target/generated/TouchGFXConfiguration.o
                0x90001850                TouchGFXHAL::~TouchGFXHAL()
                0x90001850                TouchGFXHAL::~TouchGFXHAL()
 .text._ZNK8touchgfx9PartitionINS_4meta8TypeListINS_12NoTransitionENS2_INS1_3NilES4_EEEELt1EE8capacityEv
                0x90001852        0x4 TouchGFX/build/STM32F7508-DK/TouchGFX/target/generated/TouchGFXConfiguration.o
                0x90001852                touchgfx::Partition<touchgfx::meta::TypeList<touchgfx::NoTransition, touchgfx::meta::TypeList<touchgfx::meta::Nil, touchgfx::meta::Nil> >, (unsigned short)1>::capacity() const
 .text._ZN8touchgfx9PartitionINS_4meta8TypeListINS_12NoTransitionENS2_INS1_3NilES4_EEEELt1EE12element_sizeEv
                0x90001856        0x4 TouchGFX/build/STM32F7508-DK/TouchGFX/target/generated/TouchGFXConfiguration.o
                0x90001856                touchgfx::Partition<touchgfx::meta::TypeList<touchgfx::NoTransition, touchgfx::meta::TypeList<touchgfx::meta::Nil, touchgfx::meta::Nil> >, (unsigned short)1>::element_size()
 .text._ZN8touchgfx9PartitionINS_4meta8TypeListINS_12NoTransitionENS2_INS1_3NilES4_EEEELt1EE7elementEt
                0x9000185a        0xa TouchGFX/build/STM32F7508-DK/TouchGFX/target/generated/TouchGFXConfiguration.o
                0x9000185a                touchgfx::Partition<touchgfx::meta::TypeList<touchgfx::NoTransition, touchgfx::meta::TypeList<touchgfx::meta::Nil, touchgfx::meta::Nil> >, (unsigned short)1>::element(unsigned short)
 .text._ZNK8touchgfx9PartitionINS_4meta8TypeListINS_12NoTransitionENS2_INS1_3NilES4_EEEELt1EE7elementEt
                0x90001864        0xa TouchGFX/build/STM32F7508-DK/TouchGFX/target/generated/TouchGFXConfiguration.o
                0x90001864                touchgfx::Partition<touchgfx::meta::TypeList<touchgfx::NoTransition, touchgfx::meta::TypeList<touchgfx::meta::Nil, touchgfx::meta::Nil> >, (unsigned short)1>::element(unsigned short) const
 .text._ZNK8touchgfx9PartitionINS_4meta8TypeListI17StartupScreenViewNS2_INS1_3NilES4_EEEELt1EE8capacityEv
                0x9000186e        0x4 TouchGFX/build/STM32F7508-DK/TouchGFX/target/generated/TouchGFXConfiguration.o
                0x9000186e                touchgfx::Partition<touchgfx::meta::TypeList<StartupScreenView, touchgfx::meta::TypeList<touchgfx::meta::Nil, touchgfx::meta::Nil> >, (unsigned short)1>::capacity() const
 .text._ZN8touchgfx9PartitionINS_4meta8TypeListI17StartupScreenViewNS2_INS1_3NilES4_EEEELt1EE12element_sizeEv
                0x90001872        0x6 TouchGFX/build/STM32F7508-DK/TouchGFX/target/generated/TouchGFXConfiguration.o
                0x90001872                touchgfx::Partition<touchgfx::meta::TypeList<StartupScreenView, touchgfx::meta::TypeList<touchgfx::meta::Nil, touchgfx::meta::Nil> >, (unsigned short)1>::element_size()
 .text._ZN8touchgfx9PartitionINS_4meta8TypeListI17StartupScreenViewNS2_INS1_3NilES4_EEEELt1EE7elementEt
                0x90001878        0xc TouchGFX/build/STM32F7508-DK/TouchGFX/target/generated/TouchGFXConfiguration.o
                0x90001878                touchgfx::Partition<touchgfx::meta::TypeList<StartupScreenView, touchgfx::meta::TypeList<touchgfx::meta::Nil, touchgfx::meta::Nil> >, (unsigned short)1>::element(unsigned short)
 .text._ZNK8touchgfx9PartitionINS_4meta8TypeListI17StartupScreenViewNS2_INS1_3NilES4_EEEELt1EE7elementEt
                0x90001884        0xc TouchGFX/build/STM32F7508-DK/TouchGFX/target/generated/TouchGFXConfiguration.o
                0x90001884                touchgfx::Partition<touchgfx::meta::TypeList<StartupScreenView, touchgfx::meta::TypeList<touchgfx::meta::Nil, touchgfx::meta::Nil> >, (unsigned short)1>::element(unsigned short) const
 .text._ZNK8touchgfx9PartitionINS_4meta8TypeListI22StartupScreenPresenterNS2_INS1_3NilES4_EEEELt1EE8capacityEv
                0x90001890        0x4 TouchGFX/build/STM32F7508-DK/TouchGFX/target/generated/TouchGFXConfiguration.o
                0x90001890                touchgfx::Partition<touchgfx::meta::TypeList<StartupScreenPresenter, touchgfx::meta::TypeList<touchgfx::meta::Nil, touchgfx::meta::Nil> >, (unsigned short)1>::capacity() const
 .text._ZN8touchgfx9PartitionINS_4meta8TypeListI22StartupScreenPresenterNS2_INS1_3NilES4_EEEELt1EE12element_sizeEv
                0x90001894        0x4 TouchGFX/build/STM32F7508-DK/TouchGFX/target/generated/TouchGFXConfiguration.o
                0x90001894                touchgfx::Partition<touchgfx::meta::TypeList<StartupScreenPresenter, touchgfx::meta::TypeList<touchgfx::meta::Nil, touchgfx::meta::Nil> >, (unsigned short)1>::element_size()
 .text._ZN8touchgfx9PartitionINS_4meta8TypeListI22StartupScreenPresenterNS2_INS1_3NilES4_EEEELt1EE7elementEt
                0x90001898        0x8 TouchGFX/build/STM32F7508-DK/TouchGFX/target/generated/TouchGFXConfiguration.o
                0x90001898                touchgfx::Partition<touchgfx::meta::TypeList<StartupScreenPresenter, touchgfx::meta::TypeList<touchgfx::meta::Nil, touchgfx::meta::Nil> >, (unsigned short)1>::element(unsigned short)
 .text._ZNK8touchgfx9PartitionINS_4meta8TypeListI22StartupScreenPresenterNS2_INS1_3NilES4_EEEELt1EE7elementEt
                0x900018a0        0x8 TouchGFX/build/STM32F7508-DK/TouchGFX/target/generated/TouchGFXConfiguration.o
                0x900018a0                touchgfx::Partition<touchgfx::meta::TypeList<StartupScreenPresenter, touchgfx::meta::TypeList<touchgfx::meta::Nil, touchgfx::meta::Nil> >, (unsigned short)1>::element(unsigned short) const
 .text._ZN16FrontendHeapBase15gotoStartScreenER19FrontendApplication
                0x900018a8        0x6 TouchGFX/build/STM32F7508-DK/TouchGFX/target/generated/TouchGFXConfiguration.o
                0x900018a8                FrontendHeapBase::gotoStartScreen(FrontendApplication&)
 *fill*         0x900018ae        0x2 
 .text._ZN8touchgfx9PartitionINS_4meta8TypeListINS_12NoTransitionENS2_INS1_3NilES4_EEEELt1EED2Ev
                0x900018b0       0x14 TouchGFX/build/STM32F7508-DK/TouchGFX/target/generated/TouchGFXConfiguration.o
                0x900018b0                touchgfx::Partition<touchgfx::meta::TypeList<touchgfx::NoTransition, touchgfx::meta::TypeList<touchgfx::meta::Nil, touchgfx::meta::Nil> >, (unsigned short)1>::~Partition()
                0x900018b0                touchgfx::Partition<touchgfx::meta::TypeList<touchgfx::NoTransition, touchgfx::meta::TypeList<touchgfx::meta::Nil, touchgfx::meta::Nil> >, (unsigned short)1>::~Partition()
 .text._ZN8touchgfx9PartitionINS_4meta8TypeListINS_12NoTransitionENS2_INS1_3NilES4_EEEELt1EED0Ev
                0x900018c4       0x14 TouchGFX/build/STM32F7508-DK/TouchGFX/target/generated/TouchGFXConfiguration.o
                0x900018c4                touchgfx::Partition<touchgfx::meta::TypeList<touchgfx::NoTransition, touchgfx::meta::TypeList<touchgfx::meta::Nil, touchgfx::meta::Nil> >, (unsigned short)1>::~Partition()
 .text._ZN8touchgfx9PartitionINS_4meta8TypeListI17StartupScreenViewNS2_INS1_3NilES4_EEEELt1EED2Ev
                0x900018d8       0x14 TouchGFX/build/STM32F7508-DK/TouchGFX/target/generated/TouchGFXConfiguration.o
                0x900018d8                touchgfx::Partition<touchgfx::meta::TypeList<StartupScreenView, touchgfx::meta::TypeList<touchgfx::meta::Nil, touchgfx::meta::Nil> >, (unsigned short)1>::~Partition()
                0x900018d8                touchgfx::Partition<touchgfx::meta::TypeList<StartupScreenView, touchgfx::meta::TypeList<touchgfx::meta::Nil, touchgfx::meta::Nil> >, (unsigned short)1>::~Partition()
 .text._ZN8touchgfx9PartitionINS_4meta8TypeListI17StartupScreenViewNS2_INS1_3NilES4_EEEELt1EED0Ev
                0x900018ec       0x16 TouchGFX/build/STM32F7508-DK/TouchGFX/target/generated/TouchGFXConfiguration.o
                0x900018ec                touchgfx::Partition<touchgfx::meta::TypeList<StartupScreenView, touchgfx::meta::TypeList<touchgfx::meta::Nil, touchgfx::meta::Nil> >, (unsigned short)1>::~Partition()
 *fill*         0x90001902        0x2 
 .text._ZN8touchgfx9PartitionINS_4meta8TypeListI22StartupScreenPresenterNS2_INS1_3NilES4_EEEELt1EED2Ev
                0x90001904       0x14 TouchGFX/build/STM32F7508-DK/TouchGFX/target/generated/TouchGFXConfiguration.o
                0x90001904                touchgfx::Partition<touchgfx::meta::TypeList<StartupScreenPresenter, touchgfx::meta::TypeList<touchgfx::meta::Nil, touchgfx::meta::Nil> >, (unsigned short)1>::~Partition()
                0x90001904                touchgfx::Partition<touchgfx::meta::TypeList<StartupScreenPresenter, touchgfx::meta::TypeList<touchgfx::meta::Nil, touchgfx::meta::Nil> >, (unsigned short)1>::~Partition()
 .text._ZN8touchgfx9PartitionINS_4meta8TypeListI22StartupScreenPresenterNS2_INS1_3NilES4_EEEELt1EED0Ev
                0x90001918       0x14 TouchGFX/build/STM32F7508-DK/TouchGFX/target/generated/TouchGFXConfiguration.o
                0x90001918                touchgfx::Partition<touchgfx::meta::TypeList<StartupScreenPresenter, touchgfx::meta::TypeList<touchgfx::meta::Nil, touchgfx::meta::Nil> >, (unsigned short)1>::~Partition()
 .text._ZN12FrontendHeapD2Ev
                0x9000192c       0x2c TouchGFX/build/STM32F7508-DK/TouchGFX/target/generated/TouchGFXConfiguration.o
                0x9000192c                FrontendHeap::~FrontendHeap()
                0x9000192c                FrontendHeap::~FrontendHeap()
 .text._ZN12FrontendHeapD0Ev
                0x90001958       0x16 TouchGFX/build/STM32F7508-DK/TouchGFX/target/generated/TouchGFXConfiguration.o
                0x90001958                FrontendHeap::~FrontendHeap()
 *fill*         0x9000196e        0x2 
 .text.touchgfx_init
                0x90001970       0xec TouchGFX/build/STM32F7508-DK/TouchGFX/target/generated/TouchGFXConfiguration.o
                0x90001970                touchgfx_init
 .text.touchgfx_taskEntry
                0x90001a5c        0xc TouchGFX/build/STM32F7508-DK/TouchGFX/target/generated/TouchGFXConfiguration.o
                0x90001a5c                touchgfx_taskEntry
 .text._ZN20STM32TouchControllerD0Ev
                0x90001a68        0xe TouchGFX/build/STM32F7508-DK/TouchGFX/target/generated/TouchGFXConfiguration.o
                0x90001a68                STM32TouchController::~STM32TouchController()
 .text._ZN8touchgfx8LCD16bppD0Ev
                0x90001a76        0xe TouchGFX/build/STM32F7508-DK/TouchGFX/target/generated/TouchGFXConfiguration.o
                0x90001a76                touchgfx::LCD16bpp::~LCD16bpp()
 .text._ZN11TouchGFXHALD0Ev
                0x90001a84        0xe TouchGFX/build/STM32F7508-DK/TouchGFX/target/generated/TouchGFXConfiguration.o
                0x90001a84                TouchGFXHAL::~TouchGFXHAL()
 *fill*         0x90001a92        0x2 
 .text.startup._GLOBAL__sub_I_touchgfx_init
                0x90001a94      0x12c TouchGFX/build/STM32F7508-DK/TouchGFX/target/generated/TouchGFXConfiguration.o
 .text._ZN8touchgfx25CortexMMCUInstrumentationD2Ev
                0x90001bc0        0x2 TouchGFX/build/STM32F7508-DK/TouchGFX/target/TouchGFXHAL.o
                0x90001bc0                touchgfx::CortexMMCUInstrumentation::~CortexMMCUInstrumentation()
                0x90001bc0                touchgfx::CortexMMCUInstrumentation::~CortexMMCUInstrumentation()
 *fill*         0x90001bc2        0x2 
 .text._ZN11TouchGFXHAL9taskEntryEv
                0x90001bc4       0x48 TouchGFX/build/STM32F7508-DK/TouchGFX/target/TouchGFXHAL.o
                0x90001bc4                TouchGFXHAL::taskEntry()
 .text._ZNK11TouchGFXHAL17getTFTFrameBufferEv
                0x90001c0c        0x4 TouchGFX/build/STM32F7508-DK/TouchGFX/target/TouchGFXHAL.o
                0x90001c0c                TouchGFXHAL::getTFTFrameBuffer() const
 .text._ZN11TouchGFXHAL17setTFTFrameBufferEPt
                0x90001c10        0x4 TouchGFX/build/STM32F7508-DK/TouchGFX/target/TouchGFXHAL.o
                0x90001c10                TouchGFXHAL::setTFTFrameBuffer(unsigned short*)
 .text._ZN11TouchGFXHAL16flushFrameBufferERKN8touchgfx4RectE
                0x90001c14       0x58 TouchGFX/build/STM32F7508-DK/TouchGFX/target/TouchGFXHAL.o
                0x90001c14                TouchGFXHAL::flushFrameBuffer(touchgfx::Rect const&)
 .text._ZN11TouchGFXHAL19configureInterruptsEv
                0x90001c6c        0x4 TouchGFX/build/STM32F7508-DK/TouchGFX/target/TouchGFXHAL.o
                0x90001c6c                TouchGFXHAL::configureInterrupts()
 .text._ZN11TouchGFXHAL16enableInterruptsEv
                0x90001c70        0x4 TouchGFX/build/STM32F7508-DK/TouchGFX/target/TouchGFXHAL.o
                0x90001c70                TouchGFXHAL::enableInterrupts()
 .text._ZN11TouchGFXHAL17disableInterruptsEv
                0x90001c74        0x4 TouchGFX/build/STM32F7508-DK/TouchGFX/target/TouchGFXHAL.o
                0x90001c74                TouchGFXHAL::disableInterrupts()
 .text._ZN11TouchGFXHAL28enableLCDControllerInterruptEv
                0x90001c78        0x4 TouchGFX/build/STM32F7508-DK/TouchGFX/target/TouchGFXHAL.o
                0x90001c78                TouchGFXHAL::enableLCDControllerInterrupt()
 .text._ZN11TouchGFXHAL16flushFrameBufferEv
                0x90001c7c        0x4 TouchGFX/build/STM32F7508-DK/TouchGFX/target/TouchGFXHAL.o
                0x90001c7c                TouchGFXHAL::flushFrameBuffer()
 .text._ZN11TouchGFXHAL10initializeEv
                0x90001c80       0x2c TouchGFX/build/STM32F7508-DK/TouchGFX/target/TouchGFXHAL.o
                0x90001c80                TouchGFXHAL::initialize()
 .text._ZN8touchgfx25CortexMMCUInstrumentationD0Ev
                0x90001cac        0xe TouchGFX/build/STM32F7508-DK/TouchGFX/target/TouchGFXHAL.o
                0x90001cac                touchgfx::CortexMMCUInstrumentation::~CortexMMCUInstrumentation()
 *fill*         0x90001cba        0x2 
 .text.startup._GLOBAL__sub_I_instrumentation
                0x90001cbc       0x24 TouchGFX/build/STM32F7508-DK/TouchGFX/target/TouchGFXHAL.o
 .text._ZN8touchgfx4GPIO4initEv
                0x90001ce0        0x2 TouchGFX/build/STM32F7508-DK/TouchGFX/target/TouchGFXGPIO.o
                0x90001ce0                touchgfx::GPIO::init()
 .text._ZN8touchgfx4GPIO3setENS0_7GPIO_IDE
                0x90001ce2        0x2 TouchGFX/build/STM32F7508-DK/TouchGFX/target/TouchGFXGPIO.o
                0x90001ce2                touchgfx::GPIO::set(touchgfx::GPIO::GPIO_ID)
 .text._ZN8touchgfx4GPIO5clearENS0_7GPIO_IDE
                0x90001ce4        0x2 TouchGFX/build/STM32F7508-DK/TouchGFX/target/TouchGFXGPIO.o
                0x90001ce4                touchgfx::GPIO::clear(touchgfx::GPIO::GPIO_ID)
 .text._ZN8touchgfx4GPIO6toggleENS0_7GPIO_IDE
                0x90001ce6        0x2 TouchGFX/build/STM32F7508-DK/TouchGFX/target/TouchGFXGPIO.o
                0x90001ce6                touchgfx::GPIO::toggle(touchgfx::GPIO::GPIO_ID)
 .text._ZN20STM32TouchController11sampleTouchERlS0_
                0x90001ce8       0x30 TouchGFX/build/STM32F7508-DK/TouchGFX/target/STM32TouchController.o
                0x90001ce8                STM32TouchController::sampleTouch(long&, long&)
 .text._ZN20STM32TouchController4initEv
                0x90001d18       0x2c TouchGFX/build/STM32F7508-DK/TouchGFX/target/STM32TouchController.o
                0x90001d18                STM32TouchController::init()
 .text._ZN8touchgfx18MCUInstrumentation13getCCConsumedEv
                0x90001d44        0x4 TouchGFX/build/STM32F7508-DK/TouchGFX/target/CortexMMCUInstrumentation.o
                0x90001d44                touchgfx::MCUInstrumentation::getCCConsumed()
 .text._ZN8touchgfx18MCUInstrumentation13setCCConsumedEm
                0x90001d48        0x4 TouchGFX/build/STM32F7508-DK/TouchGFX/target/CortexMMCUInstrumentation.o
                0x90001d48                touchgfx::MCUInstrumentation::setCCConsumed(unsigned long)
 .text._ZN8touchgfx25CortexMMCUInstrumentation4initEv
                0x90001d4c       0x30 TouchGFX/build/STM32F7508-DK/TouchGFX/target/CortexMMCUInstrumentation.o
                0x90001d4c                touchgfx::CortexMMCUInstrumentation::init()
 .text._ZN8touchgfx25CortexMMCUInstrumentation12getElapsedUSEjjj
                0x90001d7c        0xc TouchGFX/build/STM32F7508-DK/TouchGFX/target/CortexMMCUInstrumentation.o
                0x90001d7c                touchgfx::CortexMMCUInstrumentation::getElapsedUS(unsigned int, unsigned int, unsigned int)
 .text._ZN8touchgfx25CortexMMCUInstrumentation12getCPUCyclesEv
                0x90001d88        0xc TouchGFX/build/STM32F7508-DK/TouchGFX/target/CortexMMCUInstrumentation.o
                0x90001d88                touchgfx::CortexMMCUInstrumentation::getCPUCycles()
 .text._ZN8touchgfx25CortexMMCUInstrumentation12setMCUActiveEb
                0x90001d94       0x1e TouchGFX/build/STM32F7508-DK/TouchGFX/target/CortexMMCUInstrumentation.o
                0x90001d94                touchgfx::CortexMMCUInstrumentation::setMCUActive(bool)
 *fill*         0x90001db2        0x2 
 .text.SystemInit
                0x90001db4       0x60 TouchGFX/build/STM32F7508-DK/Core/Src/system_stm32f7xx.o
                0x90001db4                SystemInit
 .text.StartBlinkTask
                0x90001e14       0x18 TouchGFX/build/STM32F7508-DK/Core/Src/main.o
                0x90001e14                StartBlinkTask
 .text.SystemClock_Config
                0x90001e2c       0xd0 TouchGFX/build/STM32F7508-DK/Core/Src/main.o
                0x90001e2c                SystemClock_Config
 .text.startup.main
                0x90001efc      0x4f0 TouchGFX/build/STM32F7508-DK/Core/Src/main.o
                0x90001efc                main
 .text.GetPotVal
                0x900023ec       0x2c TouchGFX/build/STM32F7508-DK/Core/Src/main.o
                0x900023ec                GetPotVal
 .text.setPWM   0x90002418       0x4e TouchGFX/build/STM32F7508-DK/Core/Src/main.o
                0x90002418                setPWM
 *fill*         0x90002466        0x2 
 .text.StartPwmTask
                0x90002468       0x44 TouchGFX/build/STM32F7508-DK/Core/Src/main.o
                0x90002468                StartPwmTask
 .text.HAL_TIM_PeriodElapsedCallback
                0x900024ac       0x14 TouchGFX/build/STM32F7508-DK/Core/Src/main.o
                0x900024ac                HAL_TIM_PeriodElapsedCallback
 .text.HAL_InitTick
                0x900024c0       0x78 TouchGFX/build/STM32F7508-DK/Core/Src/stm32f7xx_hal_timebase_tim.o
                0x900024c0                HAL_InitTick
 .text.HAL_MspInit
                0x90002538       0x3c TouchGFX/build/STM32F7508-DK/Core/Src/stm32f7xx_hal_msp.o
                0x90002538                HAL_MspInit
 .text.HAL_ADC_MspInit
                0x90002574       0x5c TouchGFX/build/STM32F7508-DK/Core/Src/stm32f7xx_hal_msp.o
                0x90002574                HAL_ADC_MspInit
 .text.HAL_CRC_MspInit
                0x900025d0       0x2c TouchGFX/build/STM32F7508-DK/Core/Src/stm32f7xx_hal_msp.o
                0x900025d0                HAL_CRC_MspInit
 .text.HAL_DMA2D_MspInit
                0x900025fc       0x40 TouchGFX/build/STM32F7508-DK/Core/Src/stm32f7xx_hal_msp.o
                0x900025fc                HAL_DMA2D_MspInit
 .text.HAL_LTDC_MspInit
                0x9000263c      0x124 TouchGFX/build/STM32F7508-DK/Core/Src/stm32f7xx_hal_msp.o
                0x9000263c                HAL_LTDC_MspInit
 .text.HAL_TIM_PWM_MspInit
                0x90002760       0x28 TouchGFX/build/STM32F7508-DK/Core/Src/stm32f7xx_hal_msp.o
                0x90002760                HAL_TIM_PWM_MspInit
 .text.HAL_TIM_MspPostInit
                0x90002788       0x4c TouchGFX/build/STM32F7508-DK/Core/Src/stm32f7xx_hal_msp.o
                0x90002788                HAL_TIM_MspPostInit
 .text.HAL_UART_MspInit
                0x900027d4       0x94 TouchGFX/build/STM32F7508-DK/Core/Src/stm32f7xx_hal_msp.o
                0x900027d4                HAL_UART_MspInit
 .text.HAL_SDRAM_MspInit
                0x90002868       0xd8 TouchGFX/build/STM32F7508-DK/Core/Src/stm32f7xx_hal_msp.o
                0x90002868                HAL_SDRAM_MspInit
 .text.HAL_SDRAM_MspDeInit
                0x90002940       0x74 TouchGFX/build/STM32F7508-DK/Core/Src/stm32f7xx_hal_msp.o
                0x90002940                HAL_SDRAM_MspDeInit
 .text.vApplicationIdleHook
                0x900029b4        0x2 TouchGFX/build/STM32F7508-DK/Core/Src/freertos.o
                0x900029b4                vApplicationIdleHook
 .text.NMI_Handler
                0x900029b6        0x2 TouchGFX/build/STM32F7508-DK/Core/Src/stm32f7xx_it.o
                0x900029b6                NMI_Handler
 .text.HardFault_Handler
                0x900029b8        0x2 TouchGFX/build/STM32F7508-DK/Core/Src/stm32f7xx_it.o
                0x900029b8                HardFault_Handler
 .text.MemManage_Handler
                0x900029ba        0x2 TouchGFX/build/STM32F7508-DK/Core/Src/stm32f7xx_it.o
                0x900029ba                MemManage_Handler
 .text.BusFault_Handler
                0x900029bc        0x2 TouchGFX/build/STM32F7508-DK/Core/Src/stm32f7xx_it.o
                0x900029bc                BusFault_Handler
 .text.UsageFault_Handler
                0x900029be        0x2 TouchGFX/build/STM32F7508-DK/Core/Src/stm32f7xx_it.o
                0x900029be                UsageFault_Handler
 .text.DebugMon_Handler
                0x900029c0        0x2 TouchGFX/build/STM32F7508-DK/Core/Src/stm32f7xx_it.o
                0x900029c0                DebugMon_Handler
 *fill*         0x900029c2        0x2 
 .text.TIM6_DAC_IRQHandler
                0x900029c4        0xc TouchGFX/build/STM32F7508-DK/Core/Src/stm32f7xx_it.o
                0x900029c4                TIM6_DAC_IRQHandler
 .text.LTDC_IRQHandler
                0x900029d0        0xc TouchGFX/build/STM32F7508-DK/Core/Src/stm32f7xx_it.o
                0x900029d0                LTDC_IRQHandler
 .text.DMA2D_IRQHandler
                0x900029dc        0xc TouchGFX/build/STM32F7508-DK/Core/Src/stm32f7xx_it.o
                0x900029dc                DMA2D_IRQHandler
 .text.HAL_Init
                0x900029e8       0x2c TouchGFX/build/STM32F7508-DK/Drivers/STM32F7xx_HAL_Driver/Src/stm32f7xx_hal.o
                0x900029e8                HAL_Init
 .text.HAL_IncTick
                0x90002a14       0x18 TouchGFX/build/STM32F7508-DK/Drivers/STM32F7xx_HAL_Driver/Src/stm32f7xx_hal.o
                0x90002a14                HAL_IncTick
 .text.HAL_GetTick
                0x90002a2c        0xc TouchGFX/build/STM32F7508-DK/Drivers/STM32F7xx_HAL_Driver/Src/stm32f7xx_hal.o
                0x90002a2c                HAL_GetTick
 .text.HAL_Delay
                0x90002a38       0x24 TouchGFX/build/STM32F7508-DK/Drivers/STM32F7xx_HAL_Driver/Src/stm32f7xx_hal.o
                0x90002a38                HAL_Delay
 .text.HAL_DMA2D_Init
                0x90002a5c       0x5c TouchGFX/build/STM32F7508-DK/Drivers/STM32F7xx_HAL_Driver/Src/stm32f7xx_hal_dma2d.o
                0x90002a5c                HAL_DMA2D_Init
 .text.HAL_DMA2D_LineEventCallback
                0x90002ab8        0x2 TouchGFX/build/STM32F7508-DK/Drivers/STM32F7xx_HAL_Driver/Src/stm32f7xx_hal_dma2d.o
                0x90002ab8                HAL_DMA2D_LineEventCallback
 .text.HAL_DMA2D_CLUTLoadingCpltCallback
                0x90002aba        0x2 TouchGFX/build/STM32F7508-DK/Drivers/STM32F7xx_HAL_Driver/Src/stm32f7xx_hal_dma2d.o
                0x90002aba                HAL_DMA2D_CLUTLoadingCpltCallback
 .text.HAL_DMA2D_IRQHandler
                0x90002abc      0x120 TouchGFX/build/STM32F7508-DK/Drivers/STM32F7xx_HAL_Driver/Src/stm32f7xx_hal_dma2d.o
                0x90002abc                HAL_DMA2D_IRQHandler
 .text.HAL_DMA2D_ConfigLayer
                0x90002bdc       0x94 TouchGFX/build/STM32F7508-DK/Drivers/STM32F7xx_HAL_Driver/Src/stm32f7xx_hal_dma2d.o
                0x90002bdc                HAL_DMA2D_ConfigLayer
 .text.HAL_RCCEx_PeriphCLKConfig
                0x90002c70      0x548 TouchGFX/build/STM32F7508-DK/Drivers/STM32F7xx_HAL_Driver/Src/stm32f7xx_hal_rcc_ex.o
                0x90002c70                HAL_RCCEx_PeriphCLKConfig
 .text.HAL_CRC_Init
                0x900031b8       0x78 TouchGFX/build/STM32F7508-DK/Drivers/STM32F7xx_HAL_Driver/Src/stm32f7xx_hal_crc.o
                0x900031b8                HAL_CRC_Init
 .text.LTDC_SetConfig
                0x90003230      0x148 TouchGFX/build/STM32F7508-DK/Drivers/STM32F7xx_HAL_Driver/Src/stm32f7xx_hal_ltdc.o
 .text.HAL_LTDC_Init
                0x90003378       0xf4 TouchGFX/build/STM32F7508-DK/Drivers/STM32F7xx_HAL_Driver/Src/stm32f7xx_hal_ltdc.o
                0x90003378                HAL_LTDC_Init
 .text.HAL_LTDC_ErrorCallback
                0x9000346c        0x2 TouchGFX/build/STM32F7508-DK/Drivers/STM32F7xx_HAL_Driver/Src/stm32f7xx_hal_ltdc.o
                0x9000346c                HAL_LTDC_ErrorCallback
 .text.HAL_LTDC_ReloadEventCallback
                0x9000346e        0x2 TouchGFX/build/STM32F7508-DK/Drivers/STM32F7xx_HAL_Driver/Src/stm32f7xx_hal_ltdc.o
                0x9000346e                HAL_LTDC_ReloadEventCallback
 .text.HAL_LTDC_IRQHandler
                0x90003470       0xc2 TouchGFX/build/STM32F7508-DK/Drivers/STM32F7xx_HAL_Driver/Src/stm32f7xx_hal_ltdc.o
                0x90003470                HAL_LTDC_IRQHandler
 .text.HAL_LTDC_ConfigLayer
                0x90003532       0x52 TouchGFX/build/STM32F7508-DK/Drivers/STM32F7xx_HAL_Driver/Src/stm32f7xx_hal_ltdc.o
                0x90003532                HAL_LTDC_ConfigLayer
 .text.HAL_LTDC_ProgramLineEvent
                0x90003584       0x40 TouchGFX/build/STM32F7508-DK/Drivers/STM32F7xx_HAL_Driver/Src/stm32f7xx_hal_ltdc.o
                0x90003584                HAL_LTDC_ProgramLineEvent
 .text.HAL_PWREx_EnableOverDrive
                0x900035c4       0x70 TouchGFX/build/STM32F7508-DK/Drivers/STM32F7xx_HAL_Driver/Src/stm32f7xx_hal_pwr_ex.o
                0x900035c4                HAL_PWREx_EnableOverDrive
 .text.HAL_SDRAM_Init
                0x90003634       0x40 TouchGFX/build/STM32F7508-DK/Drivers/STM32F7xx_HAL_Driver/Src/stm32f7xx_hal_sdram.o
                0x90003634                HAL_SDRAM_Init
 .text.HAL_SDRAM_DeInit
                0x90003674       0x1c TouchGFX/build/STM32F7508-DK/Drivers/STM32F7xx_HAL_Driver/Src/stm32f7xx_hal_sdram.o
                0x90003674                HAL_SDRAM_DeInit
 .text.HAL_SDRAM_SendCommand
                0x90003690       0x2e TouchGFX/build/STM32F7508-DK/Drivers/STM32F7xx_HAL_Driver/Src/stm32f7xx_hal_sdram.o
                0x90003690                HAL_SDRAM_SendCommand
 .text.HAL_SDRAM_ProgramRefreshRate
                0x900036be       0x24 TouchGFX/build/STM32F7508-DK/Drivers/STM32F7xx_HAL_Driver/Src/stm32f7xx_hal_sdram.o
                0x900036be                HAL_SDRAM_ProgramRefreshRate
 *fill*         0x900036e2        0x2 
 .text.HAL_RCC_OscConfig
                0x900036e4      0x368 TouchGFX/build/STM32F7508-DK/Drivers/STM32F7xx_HAL_Driver/Src/stm32f7xx_hal_rcc.o
                0x900036e4                HAL_RCC_OscConfig
 .text.HAL_RCC_GetSysClockFreq
                0x90003a4c       0x5c TouchGFX/build/STM32F7508-DK/Drivers/STM32F7xx_HAL_Driver/Src/stm32f7xx_hal_rcc.o
                0x90003a4c                HAL_RCC_GetSysClockFreq
 .text.HAL_RCC_ClockConfig
                0x90003aa8      0x144 TouchGFX/build/STM32F7508-DK/Drivers/STM32F7xx_HAL_Driver/Src/stm32f7xx_hal_rcc.o
                0x90003aa8                HAL_RCC_ClockConfig
 .text.HAL_RCC_GetPCLK1Freq
                0x90003bec       0x20 TouchGFX/build/STM32F7508-DK/Drivers/STM32F7xx_HAL_Driver/Src/stm32f7xx_hal_rcc.o
                0x90003bec                HAL_RCC_GetPCLK1Freq
 .text.HAL_RCC_GetPCLK2Freq
                0x90003c0c       0x20 TouchGFX/build/STM32F7508-DK/Drivers/STM32F7xx_HAL_Driver/Src/stm32f7xx_hal_rcc.o
                0x90003c0c                HAL_RCC_GetPCLK2Freq
 .text.HAL_RCC_GetClockConfig
                0x90003c2c       0x3c TouchGFX/build/STM32F7508-DK/Drivers/STM32F7xx_HAL_Driver/Src/stm32f7xx_hal_rcc.o
                0x90003c2c                HAL_RCC_GetClockConfig
 .text.I2C_Flush_TXDR
                0x90003c68       0x1e TouchGFX/build/STM32F7508-DK/Drivers/STM32F7xx_HAL_Driver/Src/stm32f7xx_hal_i2c.o
 *fill*         0x90003c86        0x2 
 .text.I2C_TransferConfig
                0x90003c88       0x28 TouchGFX/build/STM32F7508-DK/Drivers/STM32F7xx_HAL_Driver/Src/stm32f7xx_hal_i2c.o
 .text.I2C_IsAcknowledgeFailed
                0x90003cb0       0x7c TouchGFX/build/STM32F7508-DK/Drivers/STM32F7xx_HAL_Driver/Src/stm32f7xx_hal_i2c.o
 .text.I2C_WaitOnSTOPFlagUntilTimeout
                0x90003d2c       0x4a TouchGFX/build/STM32F7508-DK/Drivers/STM32F7xx_HAL_Driver/Src/stm32f7xx_hal_i2c.o
 .text.I2C_WaitOnFlagUntilTimeout
                0x90003d76       0x54 TouchGFX/build/STM32F7508-DK/Drivers/STM32F7xx_HAL_Driver/Src/stm32f7xx_hal_i2c.o
 .text.I2C_WaitOnTXISFlagUntilTimeout
                0x90003dca       0x4e TouchGFX/build/STM32F7508-DK/Drivers/STM32F7xx_HAL_Driver/Src/stm32f7xx_hal_i2c.o
 .text.I2C_RequestMemoryWrite
                0x90003e18       0x64 TouchGFX/build/STM32F7508-DK/Drivers/STM32F7xx_HAL_Driver/Src/stm32f7xx_hal_i2c.o
 .text.I2C_RequestMemoryRead
                0x90003e7c       0x64 TouchGFX/build/STM32F7508-DK/Drivers/STM32F7xx_HAL_Driver/Src/stm32f7xx_hal_i2c.o
 .text.HAL_I2C_MspInit
                0x90003ee0        0x2 TouchGFX/build/STM32F7508-DK/Drivers/STM32F7xx_HAL_Driver/Src/stm32f7xx_hal_i2c.o
                0x90003ee0                HAL_I2C_MspInit
 .text.HAL_I2C_Init
                0x90003ee2       0xb2 TouchGFX/build/STM32F7508-DK/Drivers/STM32F7xx_HAL_Driver/Src/stm32f7xx_hal_i2c.o
                0x90003ee2                HAL_I2C_Init
 .text.HAL_I2C_MspDeInit
                0x90003f94        0x2 TouchGFX/build/STM32F7508-DK/Drivers/STM32F7xx_HAL_Driver/Src/stm32f7xx_hal_i2c.o
                0x90003f94                HAL_I2C_MspDeInit
 .text.HAL_I2C_DeInit
                0x90003f96       0x32 TouchGFX/build/STM32F7508-DK/Drivers/STM32F7xx_HAL_Driver/Src/stm32f7xx_hal_i2c.o
                0x90003f96                HAL_I2C_DeInit
 .text.HAL_I2C_Mem_Write
                0x90003fc8      0x16c TouchGFX/build/STM32F7508-DK/Drivers/STM32F7xx_HAL_Driver/Src/stm32f7xx_hal_i2c.o
                0x90003fc8                HAL_I2C_Mem_Write
 .text.HAL_I2C_Mem_Read
                0x90004134      0x178 TouchGFX/build/STM32F7508-DK/Drivers/STM32F7xx_HAL_Driver/Src/stm32f7xx_hal_i2c.o
                0x90004134                HAL_I2C_Mem_Read
 .text.HAL_I2C_GetState
                0x900042ac        0x6 TouchGFX/build/STM32F7508-DK/Drivers/STM32F7xx_HAL_Driver/Src/stm32f7xx_hal_i2c.o
                0x900042ac                HAL_I2C_GetState
 *fill*         0x900042b2        0x2 
 .text.UART_SetConfig
                0x900042b4      0x274 TouchGFX/build/STM32F7508-DK/Drivers/STM32F7xx_HAL_Driver/Src/stm32f7xx_hal_uart.o
                0x900042b4                UART_SetConfig
 .text.UART_AdvFeatureConfig
                0x90004528       0xb8 TouchGFX/build/STM32F7508-DK/Drivers/STM32F7xx_HAL_Driver/Src/stm32f7xx_hal_uart.o
                0x90004528                UART_AdvFeatureConfig
 .text.UART_WaitOnFlagUntilTimeout
                0x900045e0       0x8a TouchGFX/build/STM32F7508-DK/Drivers/STM32F7xx_HAL_Driver/Src/stm32f7xx_hal_uart.o
                0x900045e0                UART_WaitOnFlagUntilTimeout
 .text.UART_CheckIdleState
                0x9000466a       0x40 TouchGFX/build/STM32F7508-DK/Drivers/STM32F7xx_HAL_Driver/Src/stm32f7xx_hal_uart.o
                0x9000466a                UART_CheckIdleState
 .text.HAL_UART_Init
                0x900046aa       0x60 TouchGFX/build/STM32F7508-DK/Drivers/STM32F7xx_HAL_Driver/Src/stm32f7xx_hal_uart.o
                0x900046aa                HAL_UART_Init
 *fill*         0x9000470a        0x2 
 .text.HAL_PWR_EnableBkUpAccess
                0x9000470c       0x10 TouchGFX/build/STM32F7508-DK/Drivers/STM32F7xx_HAL_Driver/Src/stm32f7xx_hal_pwr.o
                0x9000470c                HAL_PWR_EnableBkUpAccess
 .text.DMA_CalcBaseAndBitshift
                0x9000471c       0x2c TouchGFX/build/STM32F7508-DK/Drivers/STM32F7xx_HAL_Driver/Src/stm32f7xx_hal_dma.o
 .text.HAL_DMA_Init
                0x90004748      0x104 TouchGFX/build/STM32F7508-DK/Drivers/STM32F7xx_HAL_Driver/Src/stm32f7xx_hal_dma.o
                0x90004748                HAL_DMA_Init
 .text.HAL_DMA_DeInit
                0x9000484c       0x60 TouchGFX/build/STM32F7508-DK/Drivers/STM32F7xx_HAL_Driver/Src/stm32f7xx_hal_dma.o
                0x9000484c                HAL_DMA_DeInit
 .text.HAL_TIMEx_MasterConfigSynchronization
                0x900048ac       0x9c TouchGFX/build/STM32F7508-DK/Drivers/STM32F7xx_HAL_Driver/Src/stm32f7xx_hal_tim_ex.o
                0x900048ac                HAL_TIMEx_MasterConfigSynchronization
 .text.HAL_TIMEx_CommutCallback
                0x90004948        0x2 TouchGFX/build/STM32F7508-DK/Drivers/STM32F7xx_HAL_Driver/Src/stm32f7xx_hal_tim_ex.o
                0x90004948                HAL_TIMEx_CommutCallback
 .text.HAL_TIMEx_BreakCallback
                0x9000494a        0x2 TouchGFX/build/STM32F7508-DK/Drivers/STM32F7xx_HAL_Driver/Src/stm32f7xx_hal_tim_ex.o
                0x9000494a                HAL_TIMEx_BreakCallback
 .text.HAL_TIMEx_Break2Callback
                0x9000494c        0x2 TouchGFX/build/STM32F7508-DK/Drivers/STM32F7xx_HAL_Driver/Src/stm32f7xx_hal_tim_ex.o
                0x9000494c                HAL_TIMEx_Break2Callback
 *fill*         0x9000494e        0x2 
 .text.HAL_NVIC_SetPriorityGrouping
                0x90004950       0x24 TouchGFX/build/STM32F7508-DK/Drivers/STM32F7xx_HAL_Driver/Src/stm32f7xx_hal_cortex.o
                0x90004950                HAL_NVIC_SetPriorityGrouping
 .text.HAL_NVIC_SetPriority
                0x90004974       0x64 TouchGFX/build/STM32F7508-DK/Drivers/STM32F7xx_HAL_Driver/Src/stm32f7xx_hal_cortex.o
                0x90004974                HAL_NVIC_SetPriority
 .text.HAL_NVIC_EnableIRQ
                0x900049d8       0x1c TouchGFX/build/STM32F7508-DK/Drivers/STM32F7xx_HAL_Driver/Src/stm32f7xx_hal_cortex.o
                0x900049d8                HAL_NVIC_EnableIRQ
 .text.HAL_NVIC_DisableIRQ
                0x900049f4       0x28 TouchGFX/build/STM32F7508-DK/Drivers/STM32F7xx_HAL_Driver/Src/stm32f7xx_hal_cortex.o
                0x900049f4                HAL_NVIC_DisableIRQ
 .text.HAL_MPU_Disable
                0x90004a1c       0x20 TouchGFX/build/STM32F7508-DK/Drivers/STM32F7xx_HAL_Driver/Src/stm32f7xx_hal_cortex.o
                0x90004a1c                HAL_MPU_Disable
 .text.HAL_MPU_Enable
                0x90004a3c       0x24 TouchGFX/build/STM32F7508-DK/Drivers/STM32F7xx_HAL_Driver/Src/stm32f7xx_hal_cortex.o
                0x90004a3c                HAL_MPU_Enable
 .text.HAL_MPU_ConfigRegion
                0x90004a60       0x4c TouchGFX/build/STM32F7508-DK/Drivers/STM32F7xx_HAL_Driver/Src/stm32f7xx_hal_cortex.o
                0x90004a60                HAL_MPU_ConfigRegion
 .text.FMC_SDRAM_Init
                0x90004aac       0x6c TouchGFX/build/STM32F7508-DK/Drivers/STM32F7xx_HAL_Driver/Src/stm32f7xx_ll_fmc.o
                0x90004aac                FMC_SDRAM_Init
 .text.FMC_SDRAM_Timing_Init
                0x90004b18       0x88 TouchGFX/build/STM32F7508-DK/Drivers/STM32F7xx_HAL_Driver/Src/stm32f7xx_ll_fmc.o
                0x90004b18                FMC_SDRAM_Timing_Init
 .text.FMC_SDRAM_DeInit
                0x90004ba0       0x1e TouchGFX/build/STM32F7508-DK/Drivers/STM32F7xx_HAL_Driver/Src/stm32f7xx_ll_fmc.o
                0x90004ba0                FMC_SDRAM_DeInit
 .text.FMC_SDRAM_SendCommand
                0x90004bbe       0x26 TouchGFX/build/STM32F7508-DK/Drivers/STM32F7xx_HAL_Driver/Src/stm32f7xx_ll_fmc.o
                0x90004bbe                FMC_SDRAM_SendCommand
 .text.FMC_SDRAM_ProgramRefreshRate
                0x90004be4        0xc TouchGFX/build/STM32F7508-DK/Drivers/STM32F7xx_HAL_Driver/Src/stm32f7xx_ll_fmc.o
                0x90004be4                FMC_SDRAM_ProgramRefreshRate
 .text.HAL_GPIO_Init
                0x90004bf0      0x1c4 TouchGFX/build/STM32F7508-DK/Drivers/STM32F7xx_HAL_Driver/Src/stm32f7xx_hal_gpio.o
                0x90004bf0                HAL_GPIO_Init
 .text.HAL_GPIO_DeInit
                0x90004db4      0x134 TouchGFX/build/STM32F7508-DK/Drivers/STM32F7xx_HAL_Driver/Src/stm32f7xx_hal_gpio.o
                0x90004db4                HAL_GPIO_DeInit
 .text.HAL_GPIO_WritePin
                0x90004ee8        0xa TouchGFX/build/STM32F7508-DK/Drivers/STM32F7xx_HAL_Driver/Src/stm32f7xx_hal_gpio.o
                0x90004ee8                HAL_GPIO_WritePin
 .text.HAL_GPIO_TogglePin
                0x90004ef2        0xc TouchGFX/build/STM32F7508-DK/Drivers/STM32F7xx_HAL_Driver/Src/stm32f7xx_hal_gpio.o
                0x90004ef2                HAL_GPIO_TogglePin
 *fill*         0x90004efe        0x2 
 .text.HAL_ADC_Init
                0x90004f00      0x170 TouchGFX/build/STM32F7508-DK/Drivers/STM32F7xx_HAL_Driver/Src/stm32f7xx_hal_adc.o
                0x90004f00                HAL_ADC_Init
 .text.HAL_ADC_Start
                0x90005070       0xe8 TouchGFX/build/STM32F7508-DK/Drivers/STM32F7xx_HAL_Driver/Src/stm32f7xx_hal_adc.o
                0x90005070                HAL_ADC_Start
 .text.HAL_ADC_PollForConversion
                0x90005158       0xa2 TouchGFX/build/STM32F7508-DK/Drivers/STM32F7xx_HAL_Driver/Src/stm32f7xx_hal_adc.o
                0x90005158                HAL_ADC_PollForConversion
 .text.HAL_ADC_GetValue
                0x900051fa        0x6 TouchGFX/build/STM32F7508-DK/Drivers/STM32F7xx_HAL_Driver/Src/stm32f7xx_hal_adc.o
                0x900051fa                HAL_ADC_GetValue
 .text.HAL_ADC_ConfigChannel
                0x90005200      0x19c TouchGFX/build/STM32F7508-DK/Drivers/STM32F7xx_HAL_Driver/Src/stm32f7xx_hal_adc.o
                0x90005200                HAL_ADC_ConfigChannel
 .text.TIM_OC1_SetConfig
                0x9000539c       0x68 TouchGFX/build/STM32F7508-DK/Drivers/STM32F7xx_HAL_Driver/Src/stm32f7xx_hal_tim.o
 .text.TIM_OC3_SetConfig
                0x90005404       0x70 TouchGFX/build/STM32F7508-DK/Drivers/STM32F7xx_HAL_Driver/Src/stm32f7xx_hal_tim.o
 .text.TIM_OC4_SetConfig
                0x90005474       0x50 TouchGFX/build/STM32F7508-DK/Drivers/STM32F7xx_HAL_Driver/Src/stm32f7xx_hal_tim.o
 .text.TIM_OC5_SetConfig
                0x900054c4       0x50 TouchGFX/build/STM32F7508-DK/Drivers/STM32F7xx_HAL_Driver/Src/stm32f7xx_hal_tim.o
 .text.TIM_OC6_SetConfig
                0x90005514       0x50 TouchGFX/build/STM32F7508-DK/Drivers/STM32F7xx_HAL_Driver/Src/stm32f7xx_hal_tim.o
 .text.HAL_TIM_Base_MspInit
                0x90005564        0x2 TouchGFX/build/STM32F7508-DK/Drivers/STM32F7xx_HAL_Driver/Src/stm32f7xx_hal_tim.o
                0x90005564                HAL_TIM_Base_MspInit
 *fill*         0x90005566        0x2 
 .text.HAL_TIM_Base_Start_IT
                0x90005568       0x2c TouchGFX/build/STM32F7508-DK/Drivers/STM32F7xx_HAL_Driver/Src/stm32f7xx_hal_tim.o
                0x90005568                HAL_TIM_Base_Start_IT
 .text.HAL_TIM_OC_DelayElapsedCallback
                0x90005594        0x2 TouchGFX/build/STM32F7508-DK/Drivers/STM32F7xx_HAL_Driver/Src/stm32f7xx_hal_tim.o
                0x90005594                HAL_TIM_OC_DelayElapsedCallback
 .text.HAL_TIM_IC_CaptureCallback
                0x90005596        0x2 TouchGFX/build/STM32F7508-DK/Drivers/STM32F7xx_HAL_Driver/Src/stm32f7xx_hal_tim.o
                0x90005596                HAL_TIM_IC_CaptureCallback
 .text.HAL_TIM_PWM_PulseFinishedCallback
                0x90005598        0x2 TouchGFX/build/STM32F7508-DK/Drivers/STM32F7xx_HAL_Driver/Src/stm32f7xx_hal_tim.o
                0x90005598                HAL_TIM_PWM_PulseFinishedCallback
 .text.HAL_TIM_TriggerCallback
                0x9000559a        0x2 TouchGFX/build/STM32F7508-DK/Drivers/STM32F7xx_HAL_Driver/Src/stm32f7xx_hal_tim.o
                0x9000559a                HAL_TIM_TriggerCallback